Archive member included to satisfy reference by file (symbol)

.\CortexM0\ARM_GCC_541\Release\BL.a(Bootloader.o)
                              .\CortexM0\ARM_GCC_541\Release\Cm0Start.o (CyBtldr_CheckLaunch)
.\CortexM0\ARM_GCC_541\Release\BL.a(UDI.o)
                              .\CortexM0\ARM_GCC_541\Release\main.o (UDI_Start)
.\CortexM0\ARM_GCC_541\Release\BL.a(SPI_CS_N.o)
                              .\CortexM0\ARM_GCC_541\Release\at25sf041.o (SPI_CS_N_Write)
.\CortexM0\ARM_GCC_541\Release\BL.a(SPI_MOSI.o)
                              .\CortexM0\ARM_GCC_541\Release\fspi.o (SPI_MOSI_Write)
.\CortexM0\ARM_GCC_541\Release\BL.a(SPI_SCK.o)
                              .\CortexM0\ARM_GCC_541\Release\fspi.o (SPI_SCK_Write)
.\CortexM0\ARM_GCC_541\Release\BL.a(SPI_MISO.o)
                              .\CortexM0\ARM_GCC_541\Release\fspi.o (SPI_MISO_Read)
.\CortexM0\ARM_GCC_541\Release\BL.a(CyFlash.o)
                              .\CortexM0\ARM_GCC_541\Release\BL.a(Bootloader.o) (CySysFlashWriteRow)
.\CortexM0\ARM_GCC_541\Release\BL.a(CyLib.o)
                              .\CortexM0\ARM_GCC_541\Release\main.o (CySysGetResetReason)
.\CortexM0\ARM_GCC_541\Release\BL.a(CyLFClk.o)
                              .\CortexM0\ARM_GCC_541\Release\cyfitter_cfg.o (CySysClkWcoStart)
.\CortexM0\ARM_GCC_541\Release\BL.a(UDI_AsmGnu.o)
                              .\CortexM0\ARM_GCC_541\Release\stampa.o (UDI_PutChar)
.\CortexM0\ARM_GCC_541\Release\BL.a(CyBootAsmGnu.o)
                              .\CortexM0\ARM_GCC_541\Release\cyfitter_cfg.o (CyDelayCycles)
\\italia.texa.org\hq\homeUsers\mzennaro\PSoC Creator\4.2\Downloads ( 4.2).cylib\BLE_v3_65\Library\gccCyBLEStack_BLE_SOC_PERIPHERAL.a(CyBleStackMgr_BleSSDriver.o)
                              .\CortexM0\ARM_GCC_541\Release\Encryption.o (CyBle_AesCcmInit)
\\italia.texa.org\hq\homeUsers\mzennaro\PSoC Creator\4.2\Downloads ( 4.2).cylib\BLE_v3_65\Library\gccCyBLEStack_BLE_SOC_PERIPHERAL.a(CyBleControllerIP_Interface.o)
                              \\italia.texa.org\hq\homeUsers\mzennaro\PSoC Creator\4.2\Downloads ( 4.2).cylib\BLE_v3_65\Library\gccCyBLEStack_BLE_SOC_PERIPHERAL.a(CyBleStackMgr_BleSSDriver.o) (CyBleController_LlReset)
\\italia.texa.org\hq\homeUsers\mzennaro\PSoC Creator\4.2\Downloads ( 4.2).cylib\BLE_v3_65\Library\gccCyBLEStack_BLE_SOC_PERIPHERAL.a(ll.o)
                              \\italia.texa.org\hq\homeUsers\mzennaro\PSoC Creator\4.2\Downloads ( 4.2).cylib\BLE_v3_65\Library\gccCyBLEStack_BLE_SOC_PERIPHERAL.a(CyBleControllerIP_Interface.o) (ll_self_device_data)
\\italia.texa.org\hq\homeUsers\mzennaro\PSoC Creator\4.2\Downloads ( 4.2).cylib\BLE_v3_65\Library\gccCyBLEStack_BLE_SOC_PERIPHERAL.a(ll_advertiser.o)
                              \\italia.texa.org\hq\homeUsers\mzennaro\PSoC Creator\4.2\Downloads ( 4.2).cylib\BLE_v3_65\Library\gccCyBLEStack_BLE_SOC_PERIPHERAL.a(CyBleControllerIP_Interface.o) (CyBleControllerIP_TuneAdvEventInterPktSlots)
\\italia.texa.org\hq\homeUsers\mzennaro\PSoC Creator\4.2\Downloads ( 4.2).cylib\BLE_v3_65\Library\gccCyBLEStack_BLE_SOC_PERIPHERAL.a(ll_connection.o)
                              \\italia.texa.org\hq\homeUsers\mzennaro\PSoC Creator\4.2\Downloads ( 4.2).cylib\BLE_v3_65\Library\gccCyBLEStack_BLE_SOC_PERIPHERAL.a(ll.o) (bleSlDsmFix)
\\italia.texa.org\hq\homeUsers\mzennaro\PSoC Creator\4.2\Downloads ( 4.2).cylib\BLE_v3_65\Library\gccCyBLEStack_BLE_SOC_PERIPHERAL.a(llh_api.o)
                              \\italia.texa.org\hq\homeUsers\mzennaro\PSoC Creator\4.2\Downloads ( 4.2).cylib\BLE_v3_65\Library\gccCyBLEStack_BLE_SOC_PERIPHERAL.a(ll_advertiser.o) (ll_disable_interrupt_type)
\\italia.texa.org\hq\homeUsers\mzennaro\PSoC Creator\4.2\Downloads ( 4.2).cylib\BLE_v3_65\Library\gccCyBLEStack_BLE_SOC_PERIPHERAL.a(llh_utils.o)
                              \\italia.texa.org\hq\homeUsers\mzennaro\PSoC Creator\4.2\Downloads ( 4.2).cylib\BLE_v3_65\Library\gccCyBLEStack_BLE_SOC_PERIPHERAL.a(ll.o) (g_chip_rev_specific_data)
\\italia.texa.org\hq\homeUsers\mzennaro\PSoC Creator\4.2\Downloads ( 4.2).cylib\BLE_v3_65\Library\gccCyBLEStack_BLE_SOC_PERIPHERAL.a(ll_pdu.o)
                              \\italia.texa.org\hq\homeUsers\mzennaro\PSoC Creator\4.2\Downloads ( 4.2).cylib\BLE_v3_65\Library\gccCyBLEStack_BLE_SOC_PERIPHERAL.a(ll_connection.o) (ll_allocate_send_unknown_rsp_pdu)
\\italia.texa.org\hq\homeUsers\mzennaro\PSoC Creator\4.2\Downloads ( 4.2).cylib\BLE_v3_65\Library\gccCyBLEStack_BLE_SOC_PERIPHERAL.a(ll_policies.o)
                              \\italia.texa.org\hq\homeUsers\mzennaro\PSoC Creator\4.2\Downloads ( 4.2).cylib\BLE_v3_65\Library\gccCyBLEStack_BLE_SOC_PERIPHERAL.a(ll_advertiser.o) (ll_derive_adv_interval)
\\italia.texa.org\hq\homeUsers\mzennaro\PSoC Creator\4.2\Downloads ( 4.2).cylib\BLE_v3_65\Library\gccCyBLEStack_BLE_SOC_PERIPHERAL.a(ll_tasks.o)
[...]
Memory Configuration

Name             Origin             Length             Attributes
rom              0x00000000         0x00040000         xr
ram              0x20000000         0x00008000         xrw
*default*        0x00000000         0xffffffff

Linker script and memory map

LOAD c:/program files (x86)/cypress/psoc creator/4.3/psoc creator/import/gnu/arm/5.4.1/bin/../lib/gcc/arm-none-eabi/5.4.1/armv6-m/crti.o
LOAD c:/program files (x86)/cypress/psoc creator/4.3/psoc creator/import/gnu/arm/5.4.1/bin/../lib/gcc/arm-none-eabi/5.4.1/armv6-m/crtbegin.o
LOAD c:/program files (x86)/cypress/psoc creator/4.3/psoc creator/import/gnu/arm/5.4.1/bin/../lib/gcc/arm-none-eabi/5.4.1/../../../../arm-none-eabi/lib/armv6-m/crt0.o
START GROUP
LOAD .\CortexM0\ARM_GCC_541\Release\CustomInterface.o
LOAD .\CortexM0\ARM_GCC_541\Release\Encryption.o
LOAD .\CortexM0\ARM_GCC_541\Release\main.o
LOAD .\CortexM0\ARM_GCC_541\Release\ExternalMemoryInterfaceXMEM.o
LOAD .\CortexM0\ARM_GCC_541\Release\WriteUserSFlash.o
LOAD .\CortexM0\ARM_GCC_541\Release\soc.o
LOAD .\CortexM0\ARM_GCC_541\Release\stampa.o
LOAD .\CortexM0\ARM_GCC_541\Release\at25sf041.o
LOAD .\CortexM0\ARM_GCC_541\Release\xmem_at25sf041.o
LOAD .\CortexM0\ARM_GCC_541\Release\fspi.o
LOAD .\CortexM0\ARM_GCC_541\Release\cyfitter_cfg.o
LOAD .\CortexM0\ARM_GCC_541\Release\cymetadata.o
LOAD .\CortexM0\ARM_GCC_541\Release\Cm0Start.o
LOAD .\CortexM0\ARM_GCC_541\Release\BL.a
LOAD \\italia.texa.org\hq\homeUsers\mzennaro\PSoC Creator\4.2\Downloads ( 4.2).cylib\BLE_v3_65\Library\gccCyBLEStack_BLE_SOC_PERIPHERAL.a
END GROUP
START GROUP
LOAD c:/program files (x86)/cypress/psoc creator/4.3/psoc creator/import/gnu/arm/5.4.1/bin/../lib/gcc/arm-none-eabi/5.4.1/armv6-m\libgcc.a
LOAD c:/program files (x86)/cypress/psoc creator/4.3/psoc creator/import/gnu/arm/5.4.1/bin/../lib/gcc/arm-none-eabi/5.4.1/../../../../arm-none-eabi/lib/armv6-m\libg_nano.a
LOAD c:/program files (x86)/cypress/psoc creator/4.3/psoc creator/import/gnu/arm/5.4.1/bin/../lib/gcc/arm-none-eabi/5.4.1/../../../../arm-none-eabi/lib/armv6-m\libc_nano.a
END GROUP
START GROUP
LOAD c:/program files (x86)/cypress/psoc creator/4.3/psoc creator/import/gnu/arm/5.4.1/bin/../lib/gcc/arm-none-eabi/5.4.1/armv6-m\libgcc.a
LOAD c:/program files (x86)/cypress/psoc creator/4.3/psoc creator/import/gnu/arm/5.4.1/bin/../lib/gcc/arm-none-eabi/5.4.1/../../../../arm-none-eabi/lib/armv6-m\libc_nano.a
END GROUP
LOAD c:/program files (x86)/cypress/psoc creator/4.3/psoc creator/import/gnu/arm/5.4.1/bin/../lib/gcc/arm-none-eabi/5.4.1/armv6-m/crtend.o
LOAD c:/program files (x86)/cypress/psoc creator/4.3/psoc creator/import/gnu/arm/5.4.1/bin/../lib/gcc/arm-none-eabi/5.4.1/armv6-m/crtn.o
START GROUP
LOAD c:/program files (x86)/cypress/psoc creator/4.3/psoc creator/import/gnu/arm/5.4.1/bin/../lib/gcc/arm-none-eabi/5.4.1/armv6-m\libgcc.a
LOAD c:/program files (x86)/cypress/psoc creator/4.3/psoc creator/import/gnu/arm/5.4.1/bin/../lib/gcc/arm-none-eabi/5.4.1/../../../../arm-none-eabi/lib/armv6-m\libc.a
LOAD c:/program files (x86)/cypress/psoc creator/4.3/psoc creator/import/gnu/arm/5.4.1/bin/../lib/gcc/arm-none-eabi/5.4.1/../../../../arm-none-eabi/lib/armv6-m\libnosys.a
END GROUP
                0x00000000                CY_APPL_ORIGIN = 0x0
                0x00000100                CY_FLASH_ROW_SIZE = 0x100
                0x00000001                CY_APPL_NUM = 0x1
                0x00000001                CY_APPL_MAX = 0x1
                0x00000040                CY_METADATA_SIZE = 0x40
                0x00000000                CY_APPL_LOADABLE = 0x0
                0x00000000                CY_CHECKSUM_EXCLUDE_SIZE = ALIGN (0x0, CY_FLASH_ROW_SIZE)
                0x00000000                CY_APP_FOR_STACK_AND_COPIER = 0x0
                [!provide]                PROVIDE (__cy_heap_start, _end)
                0x00000001                PROVIDE (__cy_region_num, ((__cy_regions_end - __cy_regions) / 0x10))
                0x20008000                PROVIDE (__cy_stack, (ORIGIN (ram) + LENGTH (ram)))
                [!provide]                PROVIDE (__cy_heap_end, (__cy_stack - 0x9c4))

.cybootloader   0x00000000        0x0
 *(.cybootloader)
                0x00000000                appl1_start = CY_APPL_ORIGIN?CY_APPL_ORIGIN:ALIGN (CY_FLASH_ROW_SIZE)
                0x0001ff00                appl2_start = (appl1_start + ALIGN ((((LENGTH (rom) - appl1_start) - (0x2 * CY_FLASH_ROW_SIZE)) / 0x2), CY_FLASH_ROW_SIZE))
                0x00000000                appl_start = (CY_APPL_NUM == 0x1)?appl1_start:appl2_start
                0x00000001                cy_project_type_bootloader = (appl_start == 0x0)?0x1:0x0
                0x00000000                cy_project_type_app_for_stack_and_copier = (CY_APP_FOR_STACK_AND_COPIER == 0x1)?0x1:0x0

.text           0x00000000     0x1fa1
 CREATE_OBJECT_SYMBOLS
                0x00000000                PROVIDE (__cy_interrupt_vector, RomVectors)
 *(.romvectors)
 .romvectors    0x00000000       0x10 .\CortexM0\ARM_GCC_541\Release\Cm0Start.o
                0x00000000                RomVectors
                0x00000001                ASSERT ((. != __cy_interrupt_vector), No interrupt vector)
                0x00000001                ASSERT (CY_APPL_ORIGIN?(SIZEOF (.cybootloader) <= CY_APPL_ORIGIN):0x1, Wrong image location)
                0x00000010                PROVIDE (__cy_reset, Reset)
 *(.text.Reset)
 .text.Reset    0x00000010        0xa .\CortexM0\ARM_GCC_541\Release\Cm0Start.o
                0x00000010                Reset
                0x00000001                ASSERT ((. != __cy_reset), No reset code)
 *(.psocinit)
 *fill*         0x0000001a        0x2 
 .psocinit      0x0000001c      0x140 .\CortexM0\ARM_GCC_541\Release\cyfitter_cfg.o
                0x0000001c                cyfitter_cfg
                0x0000015c                . = MAX (., 0x100)
 *(.text .text.* .gnu.linkonce.t.*)
 .text          0x0000015c       0x60 c:/program files (x86)/cypress/psoc creator/4.3/psoc creator/import/gnu/arm/5.4.1/bin/../lib/gcc/arm-none-eabi/5.4.1/armv6-m/crtbegin.o
 .text.CyBtldrCommRead
                0x000001bc      0x3e4 .\CortexM0\ARM_GCC_541\Release\CustomInterface.o
                0x000001bc                CyBtldrCommRead
 .text.CyBtldrCommStart
                0x000005a0       0x38 .\CortexM0\ARM_GCC_541\Release\CustomInterface.o
                0x000005a0                CyBtldrCommStart
 .text.CyBtldrCommStop
                0x000005d8       0x20 .\CortexM0\ARM_GCC_541\Release\CustomInterface.o
                0x000005d8                CyBtldrCommStop
 .text.CyBtldrCommWrite
                0x000005f8       0x24 .\CortexM0\ARM_GCC_541\Release\CustomInterface.o
                0x000005f8                CyBtldrCommWrite
 .text.startup.main
                0x0000061c       0x88 .\CortexM0\ARM_GCC_541\Release\main.o
                0x0000061c                main
 .text.EMI_Start
                0x000006a4        0x8 .\CortexM0\ARM_GCC_541\Release\ExternalMemoryInterfaceXMEM.o
                0x000006a4                EMI_Start
 .text.EMI_WriteData
                0x000006ac       0x14 .\CortexM0\ARM_GCC_541\Release\ExternalMemoryInterfaceXMEM.o
                0x000006ac                EMI_WriteData
 .text.EMI_ReadData
                0x000006c0       0x16 .\CortexM0\ARM_GCC_541\Release\ExternalMemoryInterfaceXMEM.o
                0x000006c0                EMI_ReadData
 *fill*         0x000006d6        0x2 
 .text.DBG_printf
                0x000006d8       0x2c .\CortexM0\ARM_GCC_541\Release\stampa.o
                0x000006d8                DBG_printf
 .text.DBG_puts
                0x00000704        0xc .\CortexM0\ARM_GCC_541\Release\stampa.o
                0x00000704                DBG_puts
 .text.AT25_Read_Identification
                0x00000710       0x3c .\CortexM0\ARM_GCC_541\Release\at25sf041.o
                0x00000710                AT25_Read_Identification
 .text.AT25_Read
                0x0000074c       0x42 .\CortexM0\ARM_GCC_541\Release\at25sf041.o
                0x0000074c                AT25_Read
 .text.AT25_Write_Enable
                0x0000078e       0x20 .\CortexM0\ARM_GCC_541\Release\at25sf041.o
                0x0000078e                AT25_Write_Enable
 .text.AT25_Write
                0x000007ae       0x5e .\CortexM0\ARM_GCC_541\Release\at25sf041.o
                0x000007ae                AT25_Write
 .text.AT25_Read_Status_Register_1
                0x0000080c       0x2a .\CortexM0\ARM_GCC_541\Release\at25sf041.o
                0x0000080c                AT25_Read_Status_Register_1
 *fill*         0x00000836        0x2 
 .text.XMEM_iniz
                0x00000838       0x2c .\CortexM0\ARM_GCC_541\Release\xmem_at25sf041.o
                0x00000838                XMEM_iniz
 .text.XMEM_read
                0x00000864       0x18 .\CortexM0\ARM_GCC_541\Release\xmem_at25sf041.o
                0x00000864                XMEM_read
 .text.XMEM_write
                0x0000087c       0x64 .\CortexM0\ARM_GCC_541\Release\xmem_at25sf041.o
                0x0000087c                XMEM_write
 .text.FSPI_write
                0x000008e0       0x3c .\CortexM0\ARM_GCC_541\Release\fspi.o
                0x000008e0                FSPI_write
 .text.FSPI_read
                0x0000091c       0x36 .\CortexM0\ARM_GCC_541\Release\fspi.o
                0x0000091c                FSPI_read
 .text.IntDefaultHandler
                0x00000952       0x10 .\CortexM0\ARM_GCC_541\Release\Cm0Start.o
                0x00000952                IntDefaultHandler
 *fill*         0x00000962        0x2 
 .text._sbrk    0x00000964       0x30 .\CortexM0\ARM_GCC_541\Release\Cm0Start.o
                0x00000964                _sbrk
 .text.Start_c  0x00000994       0x4c .\CortexM0\ARM_GCC_541\Release\Cm0Start.o
                0x00000994                Start_c
 .text.startup.initialize_psoc
                0x000009e0       0x54 .\CortexM0\ARM_GCC_541\Release\Cm0Start.o
                0x000009e0                initialize_psoc
 .text.Bootloader_LaunchBootloadable
                0x00000a34        0x2 .\CortexM0\ARM_GCC_541\Release\BL.a(Bootloader.o)
 .text.Bootloader_Calc8BitSum
                0x00000a36       0x18 .\CortexM0\ARM_GCC_541\Release\BL.a(Bootloader.o)
                0x00000a36                Bootloader_Calc8BitSum
 .text.Bootloader_SetFlashByte
                0x00000a4e       0x36 .\CortexM0\ARM_GCC_541\Release\BL.a(Bootloader.o)
                0x00000a4e                Bootloader_SetFlashByte
 .text.Bootloader_GetMetadata
                0x00000a84       0xa8 .\CortexM0\ARM_GCC_541\Release\BL.a(Bootloader.o)
                0x00000a84                Bootloader_GetMetadata
 .text.CyBtldr_CheckLaunch
                0x00000b2c       0x3c .\CortexM0\ARM_GCC_541\Release\BL.a(Bootloader.o)
                0x00000b2c                CyBtldr_CheckLaunch
 .text.Bootloader_ValidateBootloadable
                0x00000b68       0x62 .\CortexM0\ARM_GCC_541\Release\BL.a(Bootloader.o)
                0x00000b68                Bootloader_ValidateBootloadable
 *fill*         0x00000bca        0x2 
 .text.Bootloader_Exit
                0x00000bcc       0x34 .\CortexM0\ARM_GCC_541\Release\BL.a(Bootloader.o)
                0x00000bcc                Bootloader_Exit
 .text.Bootloader_HostLink.constprop.0
                0x00000c00      0x400 .\CortexM0\ARM_GCC_541\Release\BL.a(Bootloader.o)
 .text.Bootloader_Start
                0x00001000       0x64 .\CortexM0\ARM_GCC_541\Release\BL.a(Bootloader.o)
                0x00001000                Bootloader_Start
 .text.UDI_Start
                0x00001064        0x2 .\CortexM0\ARM_GCC_541\Release\BL.a(UDI.o)
                0x00001064                UDI_Start
 .text.UDI_PutString
                0x00001066       0x1a .\CortexM0\ARM_GCC_541\Release\BL.a(UDI.o)
                0x00001066                UDI_PutString
 .text.UDI_PutCRLF
                0x00001080       0x10 .\CortexM0\ARM_GCC_541\Release\BL.a(UDI.o)
                0x00001080                UDI_PutCRLF
 .text.SPI_CS_N_Write
                0x00001090       0x18 .\CortexM0\ARM_GCC_541\Release\BL.a(SPI_CS_N.o)
                0x00001090                SPI_CS_N_Write
 .text.SPI_MOSI_Write
                0x000010a8       0x18 .\CortexM0\ARM_GCC_541\Release\BL.a(SPI_MOSI.o)
                0x000010a8                SPI_MOSI_Write
 .text.SPI_SCK_Write
                0x000010c0       0x18 .\CortexM0\ARM_GCC_541\Release\BL.a(SPI_SCK.o)
                0x000010c0                SPI_SCK_Write
 .text.SPI_MISO_Read
                0x000010d8       0x10 .\CortexM0\ARM_GCC_541\Release\BL.a(SPI_MISO.o)
                0x000010d8                SPI_MISO_Read
 .text.CySysFlashWriteRow
                0x000010e8       0xe0 .\CortexM0\ARM_GCC_541\Release\BL.a(CyFlash.o)
                0x000010e8                CySysFlashWriteRow
 .text.CySysGetResetReason
                0x000011c8       0x14 .\CortexM0\ARM_GCC_541\Release\BL.a(CyLib.o)
                0x000011c8                CySysGetResetReason
 .text.CyHalt   0x000011dc        0x4 .\CortexM0\ARM_GCC_541\Release\BL.a(CyLib.o)
                0x000011dc                CyHalt
 .text.CySoftwareReset
                0x000011e0       0x18 .\CortexM0\ARM_GCC_541\Release\BL.a(CyLib.o)
                0x000011e0                CySoftwareReset
 .text.CyDelay  0x000011f8       0x2c .\CortexM0\ARM_GCC_541\Release\BL.a(CyLib.o)
                0x000011f8                CyDelay
 .text.CyDelayUs
                0x00001224       0x14 .\CortexM0\ARM_GCC_541\Release\BL.a(CyLib.o)
                0x00001224                CyDelayUs
 .text.CySysClkWriteImoFreq
                0x00001238      0x124 .\CortexM0\ARM_GCC_541\Release\BL.a(CyLib.o)
                0x00001238                CySysClkWriteImoFreq
 .text.CySysClkEcoStart
                0x0000135c       0x58 .\CortexM0\ARM_GCC_541\Release\BL.a(CyLib.o)
                0x0000135c                CySysClkEcoStart
 .text.CySysClkWcoSetHighPowerMode
                0x000013b4       0x34 .\CortexM0\ARM_GCC_541\Release\BL.a(CyLFClk.o)
 .text.CySysClkWcoStart
                0x000013e8       0x18 .\CortexM0\ARM_GCC_541\Release\BL.a(CyLFClk.o)
                0x000013e8                CySysClkWcoStart
 .text.CySysClkWcoSetPowerMode
                0x00001400       0x4c .\CortexM0\ARM_GCC_541\Release\BL.a(CyLFClk.o)
                0x00001400                CySysClkWcoSetPowerMode
 *fill*         0x0000144c       0x14 
 .text          0x00001460       0xd4 .\CortexM0\ARM_GCC_541\Release\BL.a(UDI_AsmGnu.o)
                0x00001460                UDI_PutChar
 *fill*         0x00001534        0x4 
 .text          0x00001538       0x20 .\CortexM0\ARM_GCC_541\Release\BL.a(CyBootAsmGnu.o)
                0x00001538                CyDelayCycles
                0x0000154a                CyEnterCriticalSection
                0x00001552                CyExitCriticalSection
 .text.CyBLE_Bless_RfRegWrite
                0x00001558        0x4 .\CortexM0\ARM_GCC_541\Release\BL.a(BLE_HAL_PVT.o)
                0x00001558                CyBLE_Bless_RfRegWrite
 .text.CyBleHal_DelayUs
                0x0000155c        0x8 .\CortexM0\ARM_GCC_541\Release\BL.a(BLE_HAL_PVT.o)
                0x0000155c                CyBleHal_DelayUs
 .text.CyBLE_GetIpBlockVersion
                0x00001564        0x8 .\CortexM0\ARM_GCC_541\Release\BL.a(BLE_HAL_PVT.o)
                0x00001564                CyBLE_GetIpBlockVersion
 .text          0x0000156c       0x14 c:/program files (x86)/cypress/psoc creator/4.3/psoc creator/import/gnu/arm/5.4.1/bin/../lib/gcc/arm-none-eabi/5.4.1/armv6-m\libgcc.a(_thumb1_case_uqi.o)
                0x0000156c                __gnu_thumb1_case_uqi
 .text          0x00001580       0x14 c:/program files (x86)/cypress/psoc creator/4.3/psoc creator/import/gnu/arm/5.4.1/bin/../lib/gcc/arm-none-eabi/5.4.1/armv6-m\libgcc.a(_thumb1_case_shi.o)
                0x00001580                __gnu_thumb1_case_shi
 .text          0x00001594      0x114 c:/program files (x86)/cypress/psoc creator/4.3/psoc creator/import/gnu/arm/5.4.1/bin/../lib/gcc/arm-none-eabi/5.4.1/armv6-m\libgcc.a(_udivsi3.o)
                0x00001594                __aeabi_uidiv
                0x00001594                __udivsi3
                0x000016a0                __aeabi_uidivmod
 .text          0x000016a8        0x4 c:/program files (x86)/cypress/psoc creator/4.3/psoc creator/import/gnu/arm/5.4.1/bin/../lib/gcc/arm-none-eabi/5.4.1/armv6-m\libgcc.a(_dvmd_tls.o)
                0x000016a8                __aeabi_idiv0
                0x000016a8                __aeabi_ldiv0
 .text.__errno  0x000016ac        0xc c:/program files (x86)/cypress/psoc creator/4.3/psoc creator/import/gnu/arm/5.4.1/bin/../lib/gcc/arm-none-eabi/5.4.1/../../../../arm-none-eabi/lib/armv6-m\libg_nano.a(lib_a-errno.o)
                0x000016ac                __errno
 .text.__libc_init_array
                0x000016b8       0x4c c:/program files (x86)/cypress/psoc creator/4.3/psoc creator/import/gnu/arm/5.4.1/bin/../lib/gcc/arm-none-eabi/5.4.1/../../../../arm-none-eabi/lib/armv6-m\libg_nano.a(lib_a-init.o)
                0x000016b8                __libc_init_array
 .text.memcpy   0x00001704       0x12 c:/program files (x86)/cypress/psoc creator/4.3/psoc creator/import/gnu/arm/5.4.1/bin/../lib/gcc/arm-none-eabi/5.4.1/../../../../arm-none-eabi/lib/armv6-m\libg_nano.a(lib_a-memcpy-stub.o)
                0x00001704                memcpy
 .text.memset   0x00001716       0x10 c:/program files (x86)/cypress/psoc creator/4.3/psoc creator/import/gnu/arm/5.4.1/bin/../lib/gcc/arm-none-eabi/5.4.1/../../../../arm-none-eabi/lib/armv6-m\libg_nano.a(lib_a-memset.o)
                0x00001716                memset
 *fill*         0x00001726        0x2 
 .text._free_r  0x00001728       0x98 c:/program files (x86)/cypress/psoc creator/4.3/psoc creator/import/gnu/arm/5.4.1/bin/../lib/gcc/arm-none-eabi/5.4.1/../../../../arm-none-eabi/lib/armv6-m\libg_nano.a(lib_a-nano-freer.o)
                0x00001728                _free_r
 .text._malloc_r
                0x000017c0       0xc0 c:/program files (x86)/cypress/psoc creator/4.3/psoc creator/import/gnu/arm/5.4.1/bin/../lib/gcc/arm-none-eabi/5.4.1/../../../../arm-none-eabi/lib/armv6-m\libg_nano.a(lib_a-nano-mallocr.o)
                0x000017c0                _malloc_r
 .text._sbrk_r  0x00001880       0x24 c:/program files (x86)/cypress/psoc creator/4.3/psoc creator/import/gnu/arm/5.4.1/bin/../lib/gcc/arm-none-eabi/5.4.1/../../../../arm-none-eabi/lib/armv6-m\libg_nano.a(lib_a-sbrkr.o)
                0x00001880                _sbrk_r
 .text._vsnprintf_r
                0x000018a4       0x56 c:/program files (x86)/cypress/psoc creator/4.3/psoc creator/import/gnu/arm/5.4.1/bin/../lib/gcc/arm-none-eabi/5.4.1/../../../../arm-none-eabi/lib/armv6-m\libg_nano.a(lib_a-vsnprintf.o)
                0x000018a4                _vsniprintf_r
                0x000018a4                _vsnprintf_r
 *fill*         0x000018fa        0x2 
 .text.vsnprintf
                0x000018fc       0x18 c:/program files (x86)/cypress/psoc creator/4.3/psoc creator/import/gnu/arm/5.4.1/bin/../lib/gcc/arm-none-eabi/5.4.1/../../../../arm-none-eabi/lib/armv6-m\libg_nano.a(lib_a-vsnprintf.o)
                0x000018fc                vsniprintf
                0x000018fc                vsnprintf
 .text.__malloc_lock
                0x00001914        0x2 c:/program files (x86)/cypress/psoc creator/4.3/psoc creator/import/gnu/arm/5.4.1/bin/../lib/gcc/arm-none-eabi/5.4.1/../../../../arm-none-eabi/lib/armv6-m\libg_nano.a(lib_a-mlock.o)
                0x00001914                __malloc_lock
 .text.__malloc_unlock
                0x00001916        0x2 c:/program files (x86)/cypress/psoc creator/4.3/psoc creator/import/gnu/arm/5.4.1/bin/../lib/gcc/arm-none-eabi/5.4.1/../../../../arm-none-eabi/lib/armv6-m\libg_nano.a(lib_a-mlock.o)
                0x00001916                __malloc_unlock
 .text.__ssputs_r
                0x00001918       0xc4 c:/program files (x86)/cypress/psoc creator/4.3/psoc creator/import/gnu/arm/5.4.1/bin/../lib/gcc/arm-none-eabi/5.4.1/../../../../arm-none-eabi/lib/armv6-m\libg_nano.a(lib_a-nano-svfprintf.o)
                0x00001918                __ssputs_r
 .text._svfprintf_r
                0x000019dc      0x1fc c:/program files (x86)/cypress/psoc creator/4.3/psoc creator/import/gnu/arm/5.4.1/bin/../lib/gcc/arm-none-eabi/5.4.1/../../../../arm-none-eabi/lib/armv6-m\libg_nano.a(lib_a-nano-svfprintf.o)
                0x000019dc                _svfiprintf_r
                0x000019dc                _svfprintf_r
 .text._printf_common
                0x00001bd8       0xdc c:/program files (x86)/cypress/psoc creator/4.3/psoc creator/import/gnu/arm/5.4.1/bin/../lib/gcc/arm-none-eabi/5.4.1/../../../../arm-none-eabi/lib/armv6-m\libg_nano.a(lib_a-nano-vfprintf_i.o)
                0x00001bd8                _printf_common
 .text._printf_i
                0x00001cb4      0x244 c:/program files (x86)/cypress/psoc creator/4.3/psoc creator/import/gnu/arm/5.4.1/bin/../lib/gcc/arm-none-eabi/5.4.1/../../../../arm-none-eabi/lib/armv6-m\libg_nano.a(lib_a-nano-vfprintf_i.o)
                0x00001cb4                _printf_i
 .text.memchr   0x00001ef8       0x16 c:/program files (x86)/cypress/psoc creator/4.3/psoc creator/import/gnu/arm/5.4.1/bin/../lib/gcc/arm-none-eabi/5.4.1/../../../../arm-none-eabi/lib/armv6-m\libg_nano.a(lib_a-memchr-stub.o)
                0x00001ef8                memchr
 .text.memmove  0x00001f0e       0x2a c:/program files (x86)/cypress/psoc creator/4.3/psoc creator/import/gnu/arm/5.4.1/bin/../lib/gcc/arm-none-eabi/5.4.1/../../../../arm-none-eabi/lib/armv6-m\libg_nano.a(lib_a-memmove.o)
                0x00001f0e                memmove
 .text._realloc_r
                0x00001f38       0x4c c:/program files (x86)/cypress/psoc creator/4.3/psoc creator/import/gnu/arm/5.4.1/bin/../lib/gcc/arm-none-eabi/5.4.1/../../../../arm-none-eabi/lib/armv6-m\libg_nano.a(lib_a-nano-reallocr.o)
                0x00001f38                _realloc_r
 .text._malloc_usable_size_r
                0x00001f84       0x16 c:/program files (x86)/cypress/psoc creator/4.3/psoc creator/import/gnu/arm/5.4.1/bin/../lib/gcc/arm-none-eabi/5.4.1/../../../../arm-none-eabi/lib/armv6-m\libg_nano.a(lib_a-nano-msizer.o)
                0x00001f84                _malloc_usable_size_r
 *(.plt)
 *(.gnu.warning)
 *(.glue_7t)
 .glue_7t       0x00001f9a        0x0 linker stubs
 *(.glue_7)
 .glue_7        0x00001f9a        0x0 linker stubs
 *(.vfp11_veneer)
 .vfp11_veneer  0x00001f9a        0x0 linker stubs
 *(.bootloader)
 *fill*         0x00001f9a        0x2 
 .bootloader    0x00001f9c        0x5 .\CortexM0\ARM_GCC_541\Release\BL.a(Bootloader.o)
                0x00001f9c                Bootloader_SizeBytes
                0x00001fa0                Bootloader_Checksum
 *(.ARM.extab* .gnu.linkonce.armextab.*)
 *(.gcc_except_table)

.v4_bx          0x00001fa4        0x0
 .v4_bx         0x00001fa4        0x0 linker stubs

.iplt           0x00001fa4        0x0
 .iplt          0x00001fa4        0x0 c:/program files (x86)/cypress/psoc creator/4.3/psoc creator/import/gnu/arm/5.4.1/bin/../lib/gcc/arm-none-eabi/5.4.1/armv6-m/crtbegin.o

i.CyBle_AesCcmInit
                0x00001fa4       0x84
 i.CyBle_AesCcmInit
                0x00001fa4       0x84 \\italia.texa.org\hq\homeUsers\mzennaro\PSoC Creator\4.2\Downloads ( 4.2).cylib\BLE_v3_65\Library\gccCyBLEStack_BLE_SOC_PERIPHERAL.a(CyBleStackMgr_BleSSDriver.o)
                0x00001fa4                CyBle_AesCcmInit

i.CyBleController_SetSiliconVersion
                0x00002028       0x12
 i.CyBleController_SetSiliconVersion
                0x00002028       0x12 \\italia.texa.org\hq\homeUsers\mzennaro\PSoC Creator\4.2\Downloads ( 4.2).cylib\BLE_v3_65\Library\gccCyBLEStack_BLE_SOC_PERIPHERAL.a(CyBleControllerIP_Interface.o)
                0x00002028                CyBleController_SetSiliconVersion

i.llh_init_chip_specific_data
                0x0000203c       0x64
 i.llh_init_chip_specific_data
                0x0000203c       0x64 \\italia.texa.org\hq\homeUsers\mzennaro\PSoC Creator\4.2\Downloads ( 4.2).cylib\BLE_v3_65\Library\gccCyBLEStack_BLE_SOC_PERIPHERAL.a(llh_utils.o)
                0x0000203c                llh_init_chip_specific_data

.eh_frame_hdr
 *(.eh_frame_hdr)

.eh_frame       0x000020a0        0x4
 *(.eh_frame)
 .eh_frame      0x000020a0        0x0 c:/program files (x86)/cypress/psoc creator/4.3/psoc creator/import/gnu/arm/5.4.1/bin/../lib/gcc/arm-none-eabi/5.4.1/armv6-m/crtbegin.o
 .eh_frame      0x000020a0        0x4 c:/program files (x86)/cypress/psoc creator/4.3/psoc creator/import/gnu/arm/5.4.1/bin/../lib/gcc/arm-none-eabi/5.4.1/armv6-m/crtend.o
                [!provide]                PROVIDE (__exidx_start, .)

.ARM.exidx
 *(.ARM.exidx* .gnu.linkonce.armexidx.*)
                0x000020a4                __exidx_end = .

.rodata         0x000020a4      0x64c
 *(.rodata .rodata.* .gnu.linkonce.r.*)
 .rodata.str1.1
                0x000020a4      0x49c .\CortexM0\ARM_GCC_541\Release\CustomInterface.o
                                0x49d (size before relaxing)
 .rodata.str1.1
                0x00002540      0x110 .\CortexM0\ARM_GCC_541\Release\main.o
                                0x161 (size before relaxing)
 .rodata        0x00002650        0x8 .\CortexM0\ARM_GCC_541\Release\BL.a(Bootloader.o)
 .rodata        0x00002658       0x2e .\CortexM0\ARM_GCC_541\Release\BL.a(CyLib.o)
                0x00002658                cyImoFreqMhz2Reg
 .rodata.str1.1
                0x00002686        0x2 c:/program files (x86)/cypress/psoc creator/4.3/psoc creator/import/gnu/arm/5.4.1/bin/../lib/gcc/arm-none-eabi/5.4.1/../../../../arm-none-eabi/lib/armv6-m\libg_nano.a(lib_a-impure.o)
 .rodata.str1.1
                0x00002688       0x11 c:/program files (x86)/cypress/psoc creator/4.3/psoc creator/import/gnu/arm/5.4.1/bin/../lib/gcc/arm-none-eabi/5.4.1/../../../../arm-none-eabi/lib/armv6-m\libg_nano.a(lib_a-nano-svfprintf.o)
 .rodata.str1.1
                0x00002699       0x22 c:/program files (x86)/cypress/psoc creator/4.3/psoc creator/import/gnu/arm/5.4.1/bin/../lib/gcc/arm-none-eabi/5.4.1/../../../../arm-none-eabi/lib/armv6-m\libg_nano.a(lib_a-nano-vfprintf_i.o)
                0x000026bc                . = ALIGN (0x4)
 *fill*         0x000026bb        0x1 
 *(.init)
 .init          0x000026bc        0x4 c:/program files (x86)/cypress/psoc creator/4.3/psoc creator/import/gnu/arm/5.4.1/bin/../lib/gcc/arm-none-eabi/5.4.1/armv6-m/crti.o
                0x000026bc                _init
 .init          0x000026c0        0x8 c:/program files (x86)/cypress/psoc creator/4.3/psoc creator/import/gnu/arm/5.4.1/bin/../lib/gcc/arm-none-eabi/5.4.1/armv6-m/crtn.o
                0x000026c8                . = ALIGN (0x4)
                0x000026c8                __preinit_array_start = .
 *(.preinit_array)
                0x000026c8                __preinit_array_end = .
                0x000026c8                . = ALIGN (0x4)
                0x000026c8                __init_array_start = .
 *(SORT(.init_array.*))
 *(.init_array)
 .init_array    0x000026c8        0x4 c:/program files (x86)/cypress/psoc creator/4.3/psoc creator/import/gnu/arm/5.4.1/bin/../lib/gcc/arm-none-eabi/5.4.1/armv6-m/crtbegin.o
 .init_array    0x000026cc        0x4 .\CortexM0\ARM_GCC_541\Release\Cm0Start.o
                0x000026d0                __init_array_end = .
                0x000026d0                . = ALIGN (0x4)
 *(.fini)
 .fini          0x000026d0        0x4 c:/program files (x86)/cypress/psoc creator/4.3/psoc creator/import/gnu/arm/5.4.1/bin/../lib/gcc/arm-none-eabi/5.4.1/armv6-m/crti.o
                0x000026d0                _fini
 .fini          0x000026d4        0x8 c:/program files (x86)/cypress/psoc creator/4.3/psoc creator/import/gnu/arm/5.4.1/bin/../lib/gcc/arm-none-eabi/5.4.1/armv6-m/crtn.o
                0x000026dc                . = ALIGN (0x4)
                0x000026dc                __fini_array_start = .
 *(.fini_array)
 .fini_array    0x000026dc        0x4 c:/program files (x86)/cypress/psoc creator/4.3/psoc creator/import/gnu/arm/5.4.1/bin/../lib/gcc/arm-none-eabi/5.4.1/armv6-m/crtbegin.o
 *(SORT(.fini_array.*))
                0x000026e0                __fini_array_end = .
                0x000026e0                . = ALIGN (0x4)
 *crtbegin.o(.ctors)
 *(EXCLUDE_FILE(*crtend.o) .ctors)
 *(SORT(.ctors.*))
 *crtend.o(.ctors)
                0x000026e0                . = ALIGN (0x4)
 *crtbegin.o(.dtors)
 *(EXCLUDE_FILE(*crtend.o) .dtors)
 *(SORT(.dtors.*))
 *crtend.o(.dtors)
                0x000026e0                . = ALIGN (0x4)
                0x000026e0                __cy_regions = .
                0x000026e0        0x4 LONG 0x26f0 __cy_region_init_ram
                0x000026e4        0x4 LONG 0x200000d0 __cy_region_start_data
                0x000026e8        0x4 LONG 0x90 __cy_region_init_size_ram
                0x000026ec        0x4 LONG 0x228 __cy_region_zero_size_ram
                0x000026f0                __cy_regions_end = .
                0x000026f0                . = ALIGN (0x8)
                0x000026f0                _etext = .

.cy_checksum_exclude
                0x000026f0        0x0
 *(.cy_checksum_exclude)

.ramvectors     0x20000000       0xc0
                0x20000000                __cy_region_start_ram = .
 *(.ramvectors)
 .ramvectors    0x20000000       0xc0 .\CortexM0\ARM_GCC_541\Release\Cm0Start.o
                0x20000000                CyRamVectors

.btldr_run      0x200000c0        0x4
 *(.bootloaderruntype)
 .bootloaderruntype
                0x200000c0        0x4 .\CortexM0\ARM_GCC_541\Release\Cm0Start.o
                0x200000c0                cyBtldrRunType

.noinit         0x200000c8        0x4
 *(.noinit)
 .noinit        0x200000c8        0x4 .\CortexM0\ARM_GCC_541\Release\main.o
                0x200000c8                causa

.data           0x200000d0       0x90 load address 0x000026f0
                0x200000d0                __cy_region_start_data = .
 *(.jcr)
 .jcr           0x200000d0        0x0 c:/program files (x86)/cypress/psoc creator/4.3/psoc creator/import/gnu/arm/5.4.1/bin/../lib/gcc/arm-none-eabi/5.4.1/armv6-m/crtbegin.o
 .jcr           0x200000d0        0x4 c:/program files (x86)/cypress/psoc creator/4.3/psoc creator/import/gnu/arm/5.4.1/bin/../lib/gcc/arm-none-eabi/5.4.1/armv6-m/crtend.o
 *(.got.plt)
 *(.got)
 *(.shdata)
 *(.data .data.* .gnu.linkonce.d.*)
 .data          0x200000d4        0x4 .\CortexM0\ARM_GCC_541\Release\Cm0Start.o
 .data          0x200000d8        0x8 .\CortexM0\ARM_GCC_541\Release\BL.a(Bootloader.o)
                0x200000d8                Bootloader_SizeBytesAccess
                0x200000dc                Bootloader_ChecksumAccess
 .data          0x200000e0        0x8 .\CortexM0\ARM_GCC_541\Release\BL.a(UDI.o)
                0x200000e0                UDI_pinDrAdress
                0x200000e4                UDI_pinNumber
 .data          0x200000e8       0x14 .\CortexM0\ARM_GCC_541\Release\BL.a(CyLib.o)
                0x200000e8                CySysClkPumpConfig
                0x200000ec                cydelay32kMs
                0x200000f0                cydelayFreqKhz
                0x200000f4                cydelayFreqMhz
                0x200000f8                cydelayFreqHz
 .data.impure_data
                0x200000fc       0x60 c:/program files (x86)/cypress/psoc creator/4.3/psoc creator/import/gnu/arm/5.4.1/bin/../lib/gcc/arm-none-eabi/5.4.1/../../../../arm-none-eabi/lib/armv6-m\libg_nano.a(lib_a-impure.o)
 .data._impure_ptr
                0x2000015c        0x4 c:/program files (x86)/cypress/psoc creator/4.3/psoc creator/import/gnu/arm/5.4.1/bin/../lib/gcc/arm-none-eabi/5.4.1/../../../../arm-none-eabi/lib/armv6-m\libg_nano.a(lib_a-impure.o)
                0x2000015c                _impure_ptr
                0x20000160                . = ALIGN (0x8)
 *(.ram)
                0x20000160                _edata = .

.igot.plt       0x20000160        0x0 load address 0x00002780
 .igot.plt      0x20000160        0x0 c:/program files (x86)/cypress/psoc creator/4.3/psoc creator/import/gnu/arm/5.4.1/bin/../lib/gcc/arm-none-eabi/5.4.1/armv6-m/crtbegin.o

.bss            0x20000160      0x228 load address 0x00002780
                0x20000160                PROVIDE (__bss_start__, .)
 *(.shbss)
 *(.bss .bss.* .gnu.linkonce.b.*)
 .bss           0x20000160       0x1c c:/program files (x86)/cypress/psoc creator/4.3/psoc creator/import/gnu/arm/5.4.1/bin/../lib/gcc/arm-none-eabi/5.4.1/armv6-m/crtbegin.o
 .bss           0x2000017c        0x4 .\CortexM0\ARM_GCC_541\Release\CustomInterface.o
                0x2000017c                communicationState
 .bss           0x20000180        0x1 .\CortexM0\ARM_GCC_541\Release\Encryption.o
                0x20000180                encryptionEnabled
 .bss           0x20000181       0xc8 .\CortexM0\ARM_GCC_541\Release\stampa.o
 .bss           0x20000249        0x1 .\CortexM0\ARM_GCC_541\Release\xmem_at25sf041.o
 *fill*         0x2000024a        0x2 
 .bss           0x2000024c        0x4 .\CortexM0\ARM_GCC_541\Release\BL.a(Bootloader.o)
 .bss           0x20000250        0x4 .\CortexM0\ARM_GCC_541\Release\BL.a(UDI.o)
                0x20000250                UDI_pinPortNumber
 .bss           0x20000254       0x14 \\italia.texa.org\hq\homeUsers\mzennaro\PSoC Creator\4.2\Downloads ( 4.2).cylib\BLE_v3_65\Library\gccCyBLEStack_BLE_SOC_PERIPHERAL.a(llh_utils.o)
                0x20000254                g_chip_rev_specific_data
 .bss.__malloc_sbrk_start
                0x20000268        0x4 c:/program files (x86)/cypress/psoc creator/4.3/psoc creator/import/gnu/arm/5.4.1/bin/../lib/gcc/arm-none-eabi/5.4.1/../../../../arm-none-eabi/lib/armv6-m\libg_nano.a(lib_a-nano-mallocr.o)
                0x20000268                __malloc_sbrk_start
 .bss.__malloc_free_list
                0x2000026c        0x4 c:/program files (x86)/cypress/psoc creator/4.3/psoc creator/import/gnu/arm/5.4.1/bin/../lib/gcc/arm-none-eabi/5.4.1/../../../../arm-none-eabi/lib/armv6-m\libg_nano.a(lib_a-nano-mallocr.o)
                0x2000026c                __malloc_free_list
 *(COMMON)
 COMMON         0x20000270      0x10e .\CortexM0\ARM_GCC_541\Release\CustomInterface.o
                0x20000270                metadata
                0x20000370                numOfRows
                0x20000374                numOfRxedRows
                0x20000378                appFirstRowNum
                0x2000037a                rowIdx
                0x2000037c                flashRowTotal
 *fill*         0x2000037e        0x2 
 COMMON         0x20000380        0x4 c:/program files (x86)/cypress/psoc creator/4.3/psoc creator/import/gnu/arm/5.4.1/bin/../lib/gcc/arm-none-eabi/5.4.1/../../../../arm-none-eabi/lib/armv6-m\libg_nano.a(lib_a-reent.o)
                0x20000380                errno
                0x20000388                . = ALIGN (0x8)
 *fill*         0x20000384        0x4 
 *(.ram.b)
                0x20000388                _end = .
                0x20000388                __end = .
                0x20000388                PROVIDE (end, .)
                0x20000388                PROVIDE (__bss_end__, .)
                0x000026f0                __cy_region_init_ram = LOADADDR (.data)
                0x00000090                __cy_region_init_size_ram = (_edata - ADDR (.data))
                0x00000228                __cy_region_zero_size_ram = (_end - _edata)

.heap           0x20000388      0x3e8 load address 0x00002780
                0x20000388                . = _end
                0x20000770                . = (. + 0x3e8)
 *fill*         0x20000388      0x3e8 
                0x20000770                __cy_heap_limit = .

.stack          0x2000763c      0x9c4
                0x2000763c                __cy_stack_limit = .
                0x20008000                . = (. + 0x9c4)
 *fill*         0x2000763c      0x9c4 
                0x00000001                ASSERT ((__cy_stack_limit >= __cy_heap_limit), region RAM overflowed with stack)
                0x00000000                cy_checksum_exclude_size = (CY_APPL_LOADABLE == 0x1)?SIZEOF (.cy_checksum_exclude):0x0
                0x00000001                ASSERT ((cy_checksum_exclude_size <= CY_CHECKSUM_EXCLUDE_SIZE), CY_BOOT: Section .cy_checksum_exclude size exceedes specified limit.)
                0x0003ffc0                cyloadermeta_start = (cy_project_type_bootloader || cy_project_type_app_for_stack_and_copier)?(LENGTH (rom) - CY_METADATA_SIZE):0xf0000000

.cyloadermeta   0x0003ffc0       0x40
 *(.cyloadermeta)
 .cyloadermeta  0x0003ffc0       0x40 .\CortexM0\ARM_GCC_541\Release\cymetadata.o
                0x0003ffc0                cy_meta_loader
                0x0003ffc0                cyloadablemeta_start = cy_project_type_app_for_stack_and_copier?((LENGTH (rom) - CY_FLASH_ROW_SIZE) - CY_METADATA_SIZE):((LENGTH (rom) - (CY_FLASH_ROW_SIZE * (CY_APPL_NUM - 0x1))) - CY_METADATA_SIZE)

.cyloadablemeta
 *(.cyloadablemeta)

.cyflashprotect
                0x90400000       0x80
 *(.cyflashprotect)
 .cyflashprotect
                0x90400000       0x80 .\CortexM0\ARM_GCC_541\Release\cymetadata.o
                0x90400000                cy_meta_flashprotect

.cymeta         0x90500000        0xc
 *(.cymeta)
 .cymeta        0x90500000        0xc .\CortexM0\ARM_GCC_541\Release\cymetadata.o
                0x90500000                cy_metadata

.cychipprotect  0x90600000        0x1
 *(.cychipprotect)
 .cychipprotect
                0x90600000        0x1 .\CortexM0\ARM_GCC_541\Release\cymetadata.o
                0x90600000                cy_meta_chipprotect

.rel.dyn        0x00002780        0x0 load address 0x90600004
 .rel.iplt      0x00002780        0x0 c:/program files (x86)/cypress/psoc creator/4.3/psoc creator/import/gnu/arm/5.4.1/bin/../lib/gcc/arm-none-eabi/5.4.1/armv6-m/crtbegin.o

.stab
 *(.stab)

.stabstr
 *(.stabstr)

.debug
 *(.debug)

.line
 *(.line)

.debug_srcinfo
 *(.debug_srcinfo)

.debug_sfnames
 *(.debug_sfnames)

.debug_aranges  0x00000000      0x9e8
 *(.debug_aranges)
 .debug_aranges
                0x00000000       0x40 .\CortexM0\ARM_GCC_541\Release\CustomInterface.o
 .debug_aranges
                0x00000040       0x50 .\CortexM0\ARM_GCC_541\Release\Encryption.o
 .debug_aranges
                0x00000090       0x20 .\CortexM0\ARM_GCC_541\Release\main.o
 .debug_aranges
                0x000000b0       0x40 .\CortexM0\ARM_GCC_541\Release\ExternalMemoryInterfaceXMEM.o
 .debug_aranges
                0x000000f0       0x20 .\CortexM0\ARM_GCC_541\Release\WriteUserSFlash.o
 .debug_aranges
                0x00000110       0x30 .\CortexM0\ARM_GCC_541\Release\soc.o
 .debug_aranges
                0x00000140       0x38 .\CortexM0\ARM_GCC_541\Release\stampa.o
 .debug_aranges
                0x00000178       0x50 .\CortexM0\ARM_GCC_541\Release\at25sf041.o
 .debug_aranges
                0x000001c8       0x48 .\CortexM0\ARM_GCC_541\Release\xmem_at25sf041.o
 .debug_aranges
                0x00000210       0x30 .\CortexM0\ARM_GCC_541\Release\fspi.o
 .debug_aranges
                0x00000240       0x20 .\CortexM0\ARM_GCC_541\Release\cyfitter_cfg.o
 .debug_aranges
                0x00000260       0x18 .\CortexM0\ARM_GCC_541\Release\cymetadata.o
 .debug_aranges
                0x00000278       0x48 .\CortexM0\ARM_GCC_541\Release\Cm0Start.o
 .debug_aranges
                0x000002c0       0x68 .\CortexM0\ARM_GCC_541\Release\BL.a(Bootloader.o)
 .debug_aranges
                0x00000328       0x48 .\CortexM0\ARM_GCC_541\Release\BL.a(UDI.o)
 .debug_aranges
                0x00000370       0x48 .\CortexM0\ARM_GCC_541\Release\BL.a(SPI_CS_N.o)
 .debug_aranges
                0x000003b8       0x48 .\CortexM0\ARM_GCC_541\Release\BL.a(SPI_MOSI.o)
 .debug_aranges
                0x00000400       0x48 .\CortexM0\ARM_GCC_541\Release\BL.a(SPI_SCK.o)
 .debug_aranges
                0x00000448       0x48 .\CortexM0\ARM_GCC_541\Release\BL.a(SPI_MISO.o)
 .debug_aranges
                0x00000490       0x30 .\CortexM0\ARM_GCC_541\Release\BL.a(CyFlash.o)
 .debug_aranges
                0x000004c0      0x1d0 .\CortexM0\ARM_GCC_541\Release\BL.a(CyLib.o)
 .debug_aranges
                0x00000690      0x178 .\CortexM0\ARM_GCC_541\Release\BL.a(CyLFClk.o)
 .debug_aranges
                0x00000808       0x20 .\CortexM0\ARM_GCC_541\Release\BL.a(UDI_AsmGnu.o)
 .debug_aranges
                0x00000828       0x20 .\CortexM0\ARM_GCC_541\Release\BL.a(CyBootAsmGnu.o)
 .debug_aranges
                0x00000848       0xa8 .\CortexM0\ARM_GCC_541\Release\BL.a(BLE_HAL_PVT.o)
 .debug_aranges
                0x000008f0       0x80 .\CortexM0\ARM_GCC_541\Release\BL.a(BLE_bless_isr.o)
 .debug_aranges
                0x00000970       0x58 .\CortexM0\ARM_GCC_541\Release\BL.a(cyPm.o)
 .debug_aranges
                0x000009c8       0x20 .\CortexM0\ARM_GCC_541\Release\BL.a(BLE_HAL_INT.o)

.debug_pubnames
 *(.debug_pubnames)

.debug_info     0x00000000     0x86a5
 *(.debug_info .gnu.linkonce.wi.*)
 .debug_info    0x00000000      0xc71 .\CortexM0\ARM_GCC_541\Release\CustomInterface.o
 .debug_info    0x00000c71      0x844 .\CortexM0\ARM_GCC_541\Release\Encryption.o
 .debug_info    0x000014b5      0x3f1 .\CortexM0\ARM_GCC_541\Release\main.o
 .debug_info    0x000018a6      0x279 .\CortexM0\ARM_GCC_541\Release\ExternalMemoryInterfaceXMEM.o
 .debug_info    0x00001b1f      0x1e6 .\CortexM0\ARM_GCC_541\Release\WriteUserSFlash.o
 .debug_info    0x00001d05      0x17b .\CortexM0\ARM_GCC_541\Release\soc.o
 .debug_info    0x00001e80      0x4fb .\CortexM0\ARM_GCC_541\Release\stampa.o
 .debug_info    0x0000237b      0x70c .\CortexM0\ARM_GCC_541\Release\at25sf041.o
 .debug_info    0x00002a87      0x815 .\CortexM0\ARM_GCC_541\Release\xmem_at25sf041.o
 .debug_info    0x0000329c      0x358 .\CortexM0\ARM_GCC_541\Release\fspi.o
 .debug_info    0x000035f4      0x2ff .\CortexM0\ARM_GCC_541\Release\cyfitter_cfg.o
 .debug_info    0x000038f3      0x11e .\CortexM0\ARM_GCC_541\Release\cymetadata.o
 .debug_info    0x00003a11      0x3c3 .\CortexM0\ARM_GCC_541\Release\Cm0Start.o
 .debug_info    0x00003dd4      0xee1 .\CortexM0\ARM_GCC_541\Release\BL.a(Bootloader.o)
 .debug_info    0x00004cb5      0x2bb .\CortexM0\ARM_GCC_541\Release\BL.a(UDI.o)
 .debug_info    0x00004f70      0x19b .\CortexM0\ARM_GCC_541\Release\BL.a(SPI_CS_N.o)
 .debug_info    0x0000510b      0x19b .\CortexM0\ARM_GCC_541\Release\BL.a(SPI_MOSI.o)
 .debug_info    0x000052a6      0x19b .\CortexM0\ARM_GCC_541\Release\BL.a(SPI_SCK.o)
 .debug_info    0x00005441      0x19b .\CortexM0\ARM_GCC_541\Release\BL.a(SPI_MISO.o)
 .debug_info    0x000055dc      0x2f2 .\CortexM0\ARM_GCC_541\Release\BL.a(CyFlash.o)
 .debug_info    0x000058ce      0xd73 .\CortexM0\ARM_GCC_541\Release\BL.a(CyLib.o)
 .debug_info    0x00006641     0x115c .\CortexM0\ARM_GCC_541\Release\BL.a(CyLFClk.o)
 .debug_info    0x0000779d       0x78 .\CortexM0\ARM_GCC_541\Release\BL.a(UDI_AsmGnu.o)
 .debug_info    0x00007815       0x7a .\CortexM0\ARM_GCC_541\Release\BL.a(CyBootAsmGnu.o)
 .debug_info    0x0000788f      0x723 .\CortexM0\ARM_GCC_541\Release\BL.a(BLE_HAL_PVT.o)
 .debug_info    0x00007fb2      0x352 .\CortexM0\ARM_GCC_541\Release\BL.a(BLE_bless_isr.o)
 .debug_info    0x00008304      0x2e8 .\CortexM0\ARM_GCC_541\Release\BL.a(cyPm.o)
 .debug_info    0x000085ec       0xb9 .\CortexM0\ARM_GCC_541\Release\BL.a(BLE_HAL_INT.o)

.debug_abbrev   0x00000000     0x265b
 *(.debug_abbrev)
 .debug_abbrev  0x00000000      0x1e9 .\CortexM0\ARM_GCC_541\Release\CustomInterface.o
 .debug_abbrev  0x000001e9      0x202 .\CortexM0\ARM_GCC_541\Release\Encryption.o
 .debug_abbrev  0x000003eb       0xd0 .\CortexM0\ARM_GCC_541\Release\main.o
 .debug_abbrev  0x000004bb       0xf9 .\CortexM0\ARM_GCC_541\Release\ExternalMemoryInterfaceXMEM.o
 .debug_abbrev  0x000005b4      0x124 .\CortexM0\ARM_GCC_541\Release\WriteUserSFlash.o
 .debug_abbrev  0x000006d8       0xba .\CortexM0\ARM_GCC_541\Release\soc.o
 .debug_abbrev  0x00000792      0x15d .\CortexM0\ARM_GCC_541\Release\stampa.o
 .debug_abbrev  0x000008ef      0x1e0 .\CortexM0\ARM_GCC_541\Release\at25sf041.o
 .debug_abbrev  0x00000acf      0x1e8 .\CortexM0\ARM_GCC_541\Release\xmem_at25sf041.o
 .debug_abbrev  0x00000cb7       0xe1 .\CortexM0\ARM_GCC_541\Release\fspi.o
 .debug_abbrev  0x00000d98      0x18a .\CortexM0\ARM_GCC_541\Release\cyfitter_cfg.o
 .debug_abbrev  0x00000f22       0x5d .\CortexM0\ARM_GCC_541\Release\cymetadata.o
 .debug_abbrev  0x00000f7f      0x1e6 .\CortexM0\ARM_GCC_541\Release\Cm0Start.o
 .debug_abbrev  0x00001165      0x2e7 .\CortexM0\ARM_GCC_541\Release\BL.a(Bootloader.o)
 .debug_abbrev  0x0000144c      0x112 .\CortexM0\ARM_GCC_541\Release\BL.a(UDI.o)
 .debug_abbrev  0x0000155e       0xc6 .\CortexM0\ARM_GCC_541\Release\BL.a(SPI_CS_N.o)
 .debug_abbrev  0x00001624       0xc6 .\CortexM0\ARM_GCC_541\Release\BL.a(SPI_MOSI.o)
 .debug_abbrev  0x000016ea       0xc6 .\CortexM0\ARM_GCC_541\Release\BL.a(SPI_SCK.o)
 .debug_abbrev  0x000017b0       0xc6 .\CortexM0\ARM_GCC_541\Release\BL.a(SPI_MISO.o)
 .debug_abbrev  0x00001876      0x16e .\CortexM0\ARM_GCC_541\Release\BL.a(CyFlash.o)
 .debug_abbrev  0x000019e4      0x2ef .\CortexM0\ARM_GCC_541\Release\BL.a(CyLib.o)
 .debug_abbrev  0x00001cd3      0x381 .\CortexM0\ARM_GCC_541\Release\BL.a(CyLFClk.o)
 .debug_abbrev  0x00002054       0x14 .\CortexM0\ARM_GCC_541\Release\BL.a(UDI_AsmGnu.o)
 .debug_abbrev  0x00002068       0x14 .\CortexM0\ARM_GCC_541\Release\BL.a(CyBootAsmGnu.o)
 .debug_abbrev  0x0000207c      0x224 .\CortexM0\ARM_GCC_541\Release\BL.a(BLE_HAL_PVT.o)
 .debug_abbrev  0x000022a0      0x233 .\CortexM0\ARM_GCC_541\Release\BL.a(BLE_bless_isr.o)
 .debug_abbrev  0x000024d3      0x128 .\CortexM0\ARM_GCC_541\Release\BL.a(cyPm.o)
 .debug_abbrev  0x000025fb       0x60 .\CortexM0\ARM_GCC_541\Release\BL.a(BLE_HAL_INT.o)

.debug_line     0x00000000     0x3653
 *(.debug_line)
 .debug_line    0x00000000      0x220 .\CortexM0\ARM_GCC_541\Release\CustomInterface.o
 .debug_line    0x00000220      0x199 .\CortexM0\ARM_GCC_541\Release\Encryption.o
 .debug_line    0x000003b9      0x1b3 .\CortexM0\ARM_GCC_541\Release\main.o
 .debug_line    0x0000056c      0x1df .\CortexM0\ARM_GCC_541\Release\ExternalMemoryInterfaceXMEM.o
 .debug_line    0x0000074b       0xce .\CortexM0\ARM_GCC_541\Release\WriteUserSFlash.o
 .debug_line    0x00000819      0x152 .\CortexM0\ARM_GCC_541\Release\soc.o
 .debug_line    0x0000096b      0x2cd .\CortexM0\ARM_GCC_541\Release\stampa.o
 .debug_line    0x00000c38      0x309 .\CortexM0\ARM_GCC_541\Release\at25sf041.o
 .debug_line    0x00000f41      0x2f2 .\CortexM0\ARM_GCC_541\Release\xmem_at25sf041.o
 .debug_line    0x00001233      0x29a .\CortexM0\ARM_GCC_541\Release\fspi.o
 .debug_line    0x000014cd      0x160 .\CortexM0\ARM_GCC_541\Release\cyfitter_cfg.o
 .debug_line    0x0000162d      0x141 .\CortexM0\ARM_GCC_541\Release\cymetadata.o
 .debug_line    0x0000176e      0x231 .\CortexM0\ARM_GCC_541\Release\Cm0Start.o
 .debug_line    0x0000199f      0x393 .\CortexM0\ARM_GCC_541\Release\BL.a(Bootloader.o)
 .debug_line    0x00001d32       0xd3 .\CortexM0\ARM_GCC_541\Release\BL.a(UDI.o)
 .debug_line    0x00001e05       0xcd .\CortexM0\ARM_GCC_541\Release\BL.a(SPI_CS_N.o)
 .debug_line    0x00001ed2       0xcb .\CortexM0\ARM_GCC_541\Release\BL.a(SPI_MOSI.o)
 .debug_line    0x00001f9d       0xca .\CortexM0\ARM_GCC_541\Release\BL.a(SPI_SCK.o)
 .debug_line    0x00002067       0xcb .\CortexM0\ARM_GCC_541\Release\BL.a(SPI_MISO.o)
 .debug_line    0x00002132      0x155 .\CortexM0\ARM_GCC_541\Release\BL.a(CyFlash.o)
 .debug_line    0x00002287      0x5d7 .\CortexM0\ARM_GCC_541\Release\BL.a(CyLib.o)
 .debug_line    0x0000285e      0x6e2 .\CortexM0\ARM_GCC_541\Release\BL.a(CyLFClk.o)
 .debug_line    0x00002f40       0x9c .\CortexM0\ARM_GCC_541\Release\BL.a(UDI_AsmGnu.o)
 .debug_line    0x00002fdc       0x68 .\CortexM0\ARM_GCC_541\Release\BL.a(CyBootAsmGnu.o)
 .debug_line    0x00003044      0x27b .\CortexM0\ARM_GCC_541\Release\BL.a(BLE_HAL_PVT.o)
 .debug_line    0x000032bf      0x1a5 .\CortexM0\ARM_GCC_541\Release\BL.a(BLE_bless_isr.o)
 .debug_line    0x00003464      0x186 .\CortexM0\ARM_GCC_541\Release\BL.a(cyPm.o)
 .debug_line    0x000035ea       0x69 .\CortexM0\ARM_GCC_541\Release\BL.a(BLE_HAL_INT.o)

.debug_frame    0x00000000    0x1b5e8
 *(.debug_frame)
 .debug_frame   0x00000000       0xa8 .\CortexM0\ARM_GCC_541\Release\CustomInterface.o
 .debug_frame   0x000000a8       0xe0 .\CortexM0\ARM_GCC_541\Release\Encryption.o
 .debug_frame   0x00000188       0x30 .\CortexM0\ARM_GCC_541\Release\main.o
 .debug_frame   0x000001b8       0x94 .\CortexM0\ARM_GCC_541\Release\ExternalMemoryInterfaceXMEM.o
 .debug_frame   0x0000024c       0x38 .\CortexM0\ARM_GCC_541\Release\WriteUserSFlash.o
 .debug_frame   0x00000284       0x64 .\CortexM0\ARM_GCC_541\Release\soc.o
 .debug_frame   0x000002e8       0x94 .\CortexM0\ARM_GCC_541\Release\stampa.o
 .debug_frame   0x0000037c      0x10c .\CortexM0\ARM_GCC_541\Release\at25sf041.o
 .debug_frame   0x00000488       0xec .\CortexM0\ARM_GCC_541\Release\xmem_at25sf041.o
 .debug_frame   0x00000574       0x88 .\CortexM0\ARM_GCC_541\Release\fspi.o
 .debug_frame   0x000005fc       0x38 .\CortexM0\ARM_GCC_541\Release\cyfitter_cfg.o
 .debug_frame   0x00000634       0xc8 .\CortexM0\ARM_GCC_541\Release\Cm0Start.o
 .debug_frame   0x000006fc      0x12c .\CortexM0\ARM_GCC_541\Release\BL.a(Bootloader.o)
 .debug_frame   0x00000828       0xc8 .\CortexM0\ARM_GCC_541\Release\BL.a(UDI.o)
 .debug_frame   0x000008f0       0x70 .\CortexM0\ARM_GCC_541\Release\BL.a(SPI_CS_N.o)
 .debug_frame   0x00000960       0x70 .\CortexM0\ARM_GCC_541\Release\BL.a(SPI_MOSI.o)
 .debug_frame   0x000009d0       0x70 .\CortexM0\ARM_GCC_541\Release\BL.a(SPI_SCK.o)
 .debug_frame   0x00000a40       0x70 .\CortexM0\ARM_GCC_541\Release\BL.a(SPI_MISO.o)
 .debug_frame   0x00000ab0       0x7c .\CortexM0\ARM_GCC_541\Release\BL.a(CyFlash.o)
 .debug_frame   0x00000b2c      0x46c .\CortexM0\ARM_GCC_541\Release\BL.a(CyLib.o)
 .debug_frame   0x00000f98      0x428 .\CortexM0\ARM_GCC_541\Release\BL.a(CyLFClk.o)
 .debug_frame   0x000013c0       0x3c \\italia.texa.org\hq\homeUsers\mzennaro\PSoC Creator\4.2\Downloads ( 4.2).cylib\BLE_v3_65\Library\gccCyBLEStack_BLE_SOC_PERIPHERAL.a(CyBleStackMgr_BleSSDriver.o)
 .debug_frame   0x000013fc       0x4c \\italia.texa.org\hq\homeUsers\mzennaro\PSoC Creator\4.2\Downloads ( 4.2).cylib\BLE_v3_65\Library\gccCyBLEStack_BLE_SOC_PERIPHERAL.a(CyBleStackMgr_BleSSDriver.o)
 .debug_frame   0x00001448       0x44 \\italia.texa.org\hq\homeUsers\mzennaro\PSoC Creator\4.2\Downloads ( 4.2).cylib\BLE_v3_65\Library\gccCyBLEStack_BLE_SOC_PERIPHERAL.a(CyBleStackMgr_BleSSDriver.o)
 .debug_frame   0x0000148c       0x44 \\italia.texa.org\hq\homeUsers\mzennaro\PSoC Creator\4.2\Downloads ( 4.2).cylib\BLE_v3_65\Library\gccCyBLEStack_BLE_SOC_PERIPHERAL.a(CyBleStackMgr_BleSSDriver.o)
 .debug_frame   0x000014d0       0x44 \\italia.texa.org\hq\homeUsers\mzennaro\PSoC Creator\4.2\Downloads ( 4.2).cylib\BLE_v3_65\Library\gccCyBLEStack_BLE_SOC_PERIPHERAL.a(CyBleStackMgr_BleSSDriver.o)
 .debug_frame   0x00001514       0x3c \\italia.texa.org\hq\homeUsers\mzennaro\PSoC Creator\4.2\Downloads ( 4.2).cylib\BLE_v3_65\Library\gccCyBLEStack_BLE_SOC_PERIPHERAL.a(CyBleStackMgr_BleSSDriver.o)
 .debug_frame   0x00001550       0x44 \\italia.texa.org\hq\homeUsers\mzennaro\PSoC Creator\4.2\Downloads ( 4.2).cylib\BLE_v3_65\Library\gccCyBLEStack_BLE_SOC_PERIPHERAL.a(CyBleStackMgr_BleSSDriver.o)
 .debug_frame   0x00001594       0x44 \\italia.texa.org\hq\homeUsers\mzennaro\PSoC Creator\4.2\Downloads ( 4.2).cylib\BLE_v3_65\Library\gccCyBLEStack_BLE_SOC_PERIPHERAL.a(CyBleStackMgr_BleSSDriver.o)
 .debug_frame   0x000015d8       0x44 \\italia.texa.org\hq\homeUsers\mzennaro\PSoC Creator\4.2\Downloads ( 4.2).cylib\BLE_v3_65\Library\gccCyBLEStack_BLE_SOC_PERIPHERAL.a(CyBleStackMgr_BleSSDriver.o)
 .debug_frame   0x0000161c       0x44 \\italia.texa.org\hq\homeUsers\mzennaro\PSoC Creator\4.2\Downloads ( 4.2).cylib\BLE_v3_65\Library\gccCyBLEStack_BLE_SOC_PERIPHERAL.a(CyBleStackMgr_BleSSDriver.o)
 .debug_frame   0x00001660       0x3c \\italia.texa.org\hq\homeUsers\mzennaro\PSoC Creator\4.2\Downloads ( 4.2).cylib\BLE_v3_65\Library\gccCyBLEStack_BLE_SOC_PERIPHERAL.a(CyBleStackMgr_BleSSDriver.o)
 .debug_frame   0x0000169c       0x44 \\italia.texa.org\hq\homeUsers\mzennaro\PSoC Creator\4.2\Downloads ( 4.2).cylib\BLE_v3_65\Library\gccCyBLEStack_BLE_SOC_PERIPHERAL.a(CyBleStackMgr_BleSSDriver.o)
 .debug_frame   0x000016e0       0x3c \\italia.texa.org\hq\homeUsers\mzennaro\PSoC Creator\4.2\Downloads ( 4.2).cylib\BLE_v3_65\Library\gccCyBLEStack_BLE_SOC_PERIPHERAL.a(CyBleStackMgr_BleSSDriver.o)
 .debug_frame   0x0000171c       0x3c \\italia.texa.org\hq\homeUsers\mzennaro\PSoC Creator\4.2\Downloads ( 4.2).cylib\BLE_v3_65\Library\gccCyBLEStack_BLE_SOC_PERIPHERAL.a(CyBleStackMgr_BleSSDriver.o)
 .debug_frame   0x00001758       0x44 \\italia.texa.org\hq\homeUsers\mzennaro\PSoC Creator\4.2\Downloads ( 4.2).cylib\BLE_v3_65\Library\gccCyBLEStack_BLE_SOC_PERIPHERAL.a(CyBleStackMgr_BleSSDriver.o)
 .debug_frame   0x0000179c       0x3c \\italia.texa.org\hq\homeUsers\mzennaro\PSoC Creator\4.2\Downloads ( 4.2).cylib\BLE_v3_65\Library\gccCyBLEStack_BLE_SOC_PERIPHERAL.a(CyBleStackMgr_BleSSDriver.o)
 .debug_frame   0x000017d8       0x3c \\italia.texa.org\hq\homeUsers\mzennaro\PSoC Creator\4.2\Downloads ( 4.2).cylib\BLE_v3_65\Library\gccCyBLEStack_BLE_SOC_PERIPHERAL.a(CyBleStackMgr_BleSSDriver.o)
 .debug_frame   0x00001814       0x48 \\italia.texa.org\hq\homeUsers\mzennaro\PSoC Creator\4.2\Downloads ( 4.2).cylib\BLE_v3_65\Library\gccCyBLEStack_BLE_SOC_PERIPHERAL.a(CyBleStackMgr_BleSSDriver.o)
 .debug_frame   0x0000185c       0x48 \\italia.texa.org\hq\homeUsers\mzennaro\PSoC Creator\4.2\Downloads ( 4.2).cylib\BLE_v3_65\Library\gccCyBLEStack_BLE_SOC_PERIPHERAL.a(CyBleStackMgr_BleSSDriver.o)
 .debug_frame   0x000018a4       0x48 \\italia.texa.org\hq\homeUsers\mzennaro\PSoC Creator\4.2\Downloads ( 4.2).cylib\BLE_v3_65\Library\gccCyBLEStack_BLE_SOC_PERIPHERAL.a(CyBleStackMgr_BleSSDriver.o)
 .debug_frame   0x000018ec       0x48 \\italia.texa.org\hq\homeUsers\mzennaro\PSoC Creator\4.2\Downloads ( 4.2).cylib\BLE_v3_65\Library\gccCyBLEStack_BLE_SOC_PERIPHERAL.a(CyBleStackMgr_BleSSDriver.o)
 .debug_frame   0x00001934       0x4c \\italia.texa.org\hq\homeUsers\mzennaro\PSoC Creator\4.2\Downloads ( 4.2).cylib\BLE_v3_65\Library\gccCyBLEStack_BLE_SOC_PERIPHERAL.a(CyBleStackMgr_BleSSDriver.o)
 .debug_frame   0x00001980       0x3c \\italia.texa.org\hq\homeUsers\mzennaro\PSoC Creator\4.2\Downloads ( 4.2).cylib\BLE_v3_65\Library\gccCyBLEStack_BLE_SOC_PERIPHERAL.a(CyBleStackMgr_BleSSDriver.o)
 .debug_frame   0x000019bc       0x48 \\italia.texa.org\hq\homeUsers\mzennaro\PSoC Creator\4.2\Downloads ( 4.2).cylib\BLE_v3_65\Library\gccCyBLEStack_BLE_SOC_PERIPHERAL.a(CyBleStackMgr_BleSSDriver.o)
 .debug_frame   0x00001a04       0x44 \\italia.texa.org\hq\homeUsers\mzennaro\PSoC Creator\4.2\Downloads ( 4.2).cylib\BLE_v3_65\Library\gccCyBLEStack_BLE_SOC_PERIPHERAL.a(CyBleStackMgr_BleSSDriver.o)
 .debug_frame   0x00001a48       0x4c \\italia.texa.org\hq\homeUsers\mzennaro\PSoC Creator\4.2\Downloads ( 4.2).cylib\BLE_v3_65\Library\gccCyBLEStack_BLE_SOC_PERIPHERAL.a(CyBleStackMgr_BleSSDriver.o)
 .debug_frame   0x00001a94       0x3c \\italia.texa.org\hq\homeUsers\mzennaro\PSoC Creator\4.2\Downloads ( 4.2).cylib\BLE_v3_65\Library\gccCyBLEStack_BLE_SOC_PERIPHERAL.a(CyBleStackMgr_BleSSDriver.o)
 .debug_frame   0x00001ad0       0x44 \\italia.texa.org\hq\homeUsers\mzennaro\PSoC Creator\4.2\Downloads ( 4.2).cylib\BLE_v3_65\Library\gccCyBLEStack_BLE_SOC_PERIPHERAL.a(CyBleStackMgr_BleSSDriver.o)
 .debug_frame   0x00001b14       0x3c \\italia.texa.org\hq\homeUsers\mzennaro\PSoC Creator\4.2\Downloads ( 4.2).cylib\BLE_v3_65\Library\gccCyBLEStack_BLE_SOC_PERIPHERAL.a(CyBleStackMgr_BleSSDriver.o)
 .debug_frame   0x00001b50       0x48 \\italia.texa.org\hq\homeUsers\mzennaro\PSoC Creator\4.2\Downloads ( 4.2).cylib\BLE_v3_65\Library\gccCyBLEStack_BLE_SOC_PERIPHERAL.a(CyBleStackMgr_BleSSDriver.o)
 .debug_frame   0x00001b98       0x3c \\italia.texa.org\hq\homeUsers\mzennaro\PSoC Creator\4.2\Downloads ( 4.2).cylib\BLE_v3_65\Library\gccCyBLEStack_BLE_SOC_PERIPHERAL.a(CyBleStackMgr_BleSSDriver.o)
 .debug_frame   0x00001bd4       0x44 \\italia.texa.org\hq\homeUsers\mzennaro\PSoC Creator\4.2\Downloads ( 4.2).cylib\BLE_v3_65\Library\gccCyBLEStack_BLE_SOC_PERIPHERAL.a(CyBleControllerIP_Interface.o)
 .debug_frame   0x00001c18       0x44 \\italia.texa.org\hq\homeUsers\mzennaro\PSoC Creator\4.2\Downloads ( 4.2).cylib\BLE_v3_65\Library\gccCyBLEStack_BLE_SOC_PERIPHERAL.a(CyBleControllerIP_Interface.o)
 .debug_frame   0x00001c5c       0x3c \\italia.texa.org\hq\homeUsers\mzennaro\PSoC Creator\4.2\Downloads ( 4.2).cylib\BLE_v3_65\Library\gccCyBLEStack_BLE_SOC_PERIPHERAL.a(CyBleControllerIP_Interface.o)
 .debug_frame   0x00001c98       0x3c \\italia.texa.org\hq\homeUsers\mzennaro\PSoC Creator\4.2\Downloads ( 4.2).cylib\BLE_v3_65\Library\gccCyBLEStack_BLE_SOC_PERIPHERAL.a(CyBleControllerIP_Interface.o)
 .debug_frame   0x00001cd4       0x3c \\italia.texa.org\hq\homeUsers\mzennaro\PSoC Creator\4.2\Downloads ( 4.2).cylib\BLE_v3_65\Library\gccCyBLEStack_BLE_SOC_PERIPHERAL.a(CyBleControllerIP_Interface.o)
 .debug_frame   0x00001d10       0x44 \\italia.texa.org\hq\homeUsers\mzennaro\PSoC Creator\4.2\Downloads ( 4.2).cylib\BLE_v3_65\Library\gccCyBLEStack_BLE_SOC_PERIPHERAL.a(CyBleControllerIP_Interface.o)
 .debug_frame   0x00001d54       0x44 \\italia.texa.org\hq\homeUsers\mzennaro\PSoC Creator\4.2\Downloads ( 4.2).cylib\BLE_v3_65\Library\gccCyBLEStack_BLE_SOC_PERIPHERAL.a(CyBleControllerIP_Interface.o)
 .debug_frame   0x00001d98       0x44 \\italia.texa.org\hq\homeUsers\mzennaro\PSoC Creator\4.2\Downloads ( 4.2).cylib\BLE_v3_65\Library\gccCyBLEStack_BLE_SOC_PERIPHERAL.a(CyBleControllerIP_Interface.o)
 .debug_frame   0x00001ddc       0x44 \\italia.texa.org\hq\homeUsers\mzennaro\PSoC Creator\4.2\Downloads ( 4.2).cylib\BLE_v3_65\Library\gccCyBLEStack_BLE_SOC_PERIPHERAL.a(CyBleControllerIP_Interface.o)
 .debug_frame   0x00001e20       0x48 \\italia.texa.org\hq\homeUsers\mzennaro\PSoC Creator\4.2\Downloads ( 4.2).cylib\BLE_v3_65\Library\gccCyBLEStack_BLE_SOC_PERIPHERAL.a(CyBleControllerIP_Interface.o)
 .debug_frame   0x00001e68       0x4c \\italia.texa.org\hq\homeUsers\mzennaro\PSoC Creator\4.2\Downloads ( 4.2).cylib\BLE_v3_65\Library\gccCyBLEStack_BLE_SOC_PERIPHERAL.a(CyBleControllerIP_Interface.o)
 .debug_frame   0x00001eb4       0x44 \\italia.texa.org\hq\homeUsers\mzennaro\PSoC Creator\4.2\Downloads ( 4.2).cylib\BLE_v3_65\Library\gccCyBLEStack_BLE_SOC_PERIPHERAL.a(CyBleControllerIP_Interface.o)
 .debug_frame   0x00001ef8       0x3c \\italia.texa.org\hq\homeUsers\mzennaro\PSoC Creator\4.2\Downloads ( 4.2).cylib\BLE_v3_65\Library\gccCyBLEStack_BLE_SOC_PERIPHERAL.a(CyBleControllerIP_Interface.o)
 .debug_frame   0x00001f34       0x3c \\italia.texa.org\hq\homeUsers\mzennaro\PSoC Creator\4.2\Downloads ( 4.2).cylib\BLE_v3_65\Library\gccCyBLEStack_BLE_SOC_PERIPHERAL.a(CyBleControllerIP_Interface.o)
 .debug_frame   0x00001f70       0x3c \\italia.texa.org\hq\homeUsers\mzennaro\PSoC Creator\4.2\Downloads ( 4.2).cylib\BLE_v3_65\Library\gccCyBLEStack_BLE_SOC_PERIPHERAL.a(CyBleControllerIP_Interface.o)
 .debug_frame   0x00001fac       0x3c \\italia.texa.org\hq\homeUsers\mzennaro\PSoC Creator\4.2\Downloads ( 4.2).cylib\BLE_v3_65\Library\gccCyBLEStack_BLE_SOC_PERIPHERAL.a(CyBleControllerIP_Interface.o)
 .debug_frame   0x00001fe8       0x44 \\italia.texa.org\hq\homeUsers\mzennaro\PSoC Creator\4.2\Downloads ( 4.2).cylib\BLE_v3_65\Library\gccCyBLEStack_BLE_SOC_PERIPHERAL.a(CyBleControllerIP_Interface.o)
 .debug_frame   0x0000202c       0x50 \\italia.texa.org\hq\homeUsers\mzennaro\PSoC Creator\4.2\Downloads ( 4.2).cylib\BLE_v3_65\Library\gccCyBLEStack_BLE_SOC_PERIPHERAL.a(CyBleControllerIP_Interface.o)
 .debug_frame   0x0000207c       0x3c \\italia.texa.org\hq\homeUsers\mzennaro\PSoC Creator\4.2\Downloads ( 4.2).cylib\BLE_v3_65\Library\gccCyBLEStack_BLE_SOC_PERIPHERAL.a(CyBleControllerIP_Interface.o)
 .debug_frame   0x000020b8       0x3c \\italia.texa.org\hq\homeUsers\mzennaro\PSoC Creator\4.2\Downloads ( 4.2).cylib\BLE_v3_65\Library\gccCyBLEStack_BLE_SOC_PERIPHERAL.a(CyBleControllerIP_Interface.o)
 .debug_frame   0x000020f4       0x48 \\italia.texa.org\hq\homeUsers\mzennaro\PSoC Creator\4.2\Downloads ( 4.2).cylib\BLE_v3_65\Library\gccCyBLEStack_BLE_SOC_PERIPHERAL.a(CyBleControllerIP_Interface.o)
 .debug_frame   0x0000213c       0x4c \\italia.texa.org\hq\homeUsers\mzennaro\PSoC Creator\4.2\Downloads ( 4.2).cylib\BLE_v3_65\Library\gccCyBLEStack_BLE_SOC_PERIPHERAL.a(CyBleControllerIP_Interface.o)
 .debug_frame   0x00002188       0x4c \\italia.texa.org\hq\homeUsers\mzennaro\PSoC Creator\4.2\Downloads ( 4.2).cylib\BLE_v3_65\Library\gccCyBLEStack_BLE_SOC_PERIPHERAL.a(CyBleControllerIP_Interface.o)
 .debug_frame   0x000021d4       0x50 \\italia.texa.org\hq\homeUsers\mzennaro\PSoC Creator\4.2\Downloads ( 4.2).cylib\BLE_v3_65\Library\gccCyBLEStack_BLE_SOC_PERIPHERAL.a(CyBleControllerIP_Interface.o)
 .debug_frame   0x00002224       0x4c \\italia.texa.org\hq\homeUsers\mzennaro\PSoC Creator\4.2\Downloads ( 4.2).cylib\BLE_v3_65\Library\gccCyBLEStack_BLE_SOC_PERIPHERAL.a(CyBleControllerIP_Interface.o)
 .debug_frame   0x00002270       0x48 \\italia.texa.org\hq\homeUsers\mzennaro\PSoC Creator\4.2\Downloads ( 4.2).cylib\BLE_v3_65\Library\gccCyBLEStack_BLE_SOC_PERIPHERAL.a(CyBleControllerIP_Interface.o)
 .debug_frame   0x000022b8       0x48 \\italia.texa.org\hq\homeUsers\mzennaro\PSoC Creator\4.2\Downloads ( 4.2).cylib\BLE_v3_65\Library\gccCyBLEStack_BLE_SOC_PERIPHERAL.a(CyBleControllerIP_Interface.o)
 .debug_frame   0x00002300       0x44 \\italia.texa.org\hq\homeUsers\mzennaro\PSoC Creator\4.2\Downloads ( 4.2).cylib\BLE_v3_65\Library\gccCyBLEStack_BLE_SOC_PERIPHERAL.a(CyBleControllerIP_Interface.o)
 .debug_frame   0x00002344       0x48 \\italia.texa.org\hq\homeUsers\mzennaro\PSoC Creator\4.2\Downloads ( 4.2).cylib\BLE_v3_65\Library\gccCyBLEStack_BLE_SOC_PERIPHERAL.a(CyBleControllerIP_Interface.o)
 .debug_frame   0x0000238c       0x48 \\italia.texa.org\hq\homeUsers\mzennaro\PSoC Creator\4.2\Downloads ( 4.2).cylib\BLE_v3_65\Library\gccCyBLEStack_BLE_SOC_PERIPHERAL.a(CyBleControllerIP_Interface.o)
 .debug_frame   0x000023d4       0x50 \\italia.texa.org\hq\homeUsers\mzennaro\PSoC Creator\4.2\Downloads ( 4.2).cylib\BLE_v3_65\Library\gccCyBLEStack_BLE_SOC_PERIPHERAL.a(CyBleControllerIP_Interface.o)
 .debug_frame   0x00002424       0x44 \\italia.texa.org\hq\homeUsers\mzennaro\PSoC Creator\4.2\Downloads ( 4.2).cylib\BLE_v3_65\Library\gccCyBLEStack_BLE_SOC_PERIPHERAL.a(CyBleControllerIP_Interface.o)
 .debug_frame   0x00002468       0x44 \\italia.texa.org\hq\homeUsers\mzennaro\PSoC Creator\4.2\Downloads ( 4.2).cylib\BLE_v3_65\Library\gccCyBLEStack_BLE_SOC_PERIPHERAL.a(CyBleControllerIP_Interface.o)
 .debug_frame   0x000024ac       0x44 \\italia.texa.org\hq\homeUsers\mzennaro\PSoC Creator\4.2\Downloads ( 4.2).cylib\BLE_v3_65\Library\gccCyBLEStack_BLE_SOC_PERIPHERAL.a(CyBleControllerIP_Interface.o)
 .debug_frame   0x000024f0       0x4c \\italia.texa.org\hq\homeUsers\mzennaro\PSoC Creator\4.2\Downloads ( 4.2).cylib\BLE_v3_65\Library\gccCyBLEStack_BLE_SOC_PERIPHERAL.a(CyBleControllerIP_Interface.o)
 .debug_frame   0x0000253c       0x48 \\italia.texa.org\hq\homeUsers\mzennaro\PSoC Creator\4.2\Downloads ( 4.2).cylib\BLE_v3_65\Library\gccCyBLEStack_BLE_SOC_PERIPHERAL.a(CyBleControllerIP_Interface.o)
 .debug_frame   0x00002584       0x48 \\italia.texa.org\hq\homeUsers\mzennaro\PSoC Creator\4.2\Downloads ( 4.2).cylib\BLE_v3_65\Library\gccCyBLEStack_BLE_SOC_PERIPHERAL.a(CyBleControllerIP_Interface.o)
 .debug_frame   0x000025cc       0x48 \\italia.texa.org\hq\homeUsers\mzennaro\PSoC Creator\4.2\Downloads ( 4.2).cylib\BLE_v3_65\Library\gccCyBLEStack_BLE_SOC_PERIPHERAL.a(CyBleControllerIP_Interface.o)
 .debug_frame   0x00002614       0x44 \\italia.texa.org\hq\homeUsers\mzennaro\PSoC Creator\4.2\Downloads ( 4.2).cylib\BLE_v3_65\Library\gccCyBLEStack_BLE_SOC_PERIPHERAL.a(CyBleControllerIP_Interface.o)
 .debug_frame   0x00002658       0x44 \\italia.texa.org\hq\homeUsers\mzennaro\PSoC Creator\4.2\Downloads ( 4.2).cylib\BLE_v3_65\Library\gccCyBLEStack_BLE_SOC_PERIPHERAL.a(CyBleControllerIP_Interface.o)
 .debug_frame   0x0000269c       0x44 \\italia.texa.org\hq\homeUsers\mzennaro\PSoC Creator\4.2\Downloads ( 4.2).cylib\BLE_v3_65\Library\gccCyBLEStack_BLE_SOC_PERIPHERAL.a(CyBleControllerIP_Interface.o)
 .debug_frame   0x000026e0       0x44 \\italia.texa.org\hq\homeUsers\mzennaro\PSoC Creator\4.2\Downloads ( 4.2).cylib\BLE_v3_65\Library\gccCyBLEStack_BLE_SOC_PERIPHERAL.a(CyBleControllerIP_Interface.o)
 .debug_frame   0x00002724       0x44 \\italia.texa.org\hq\homeUsers\mzennaro\PSoC Creator\4.2\Downloads ( 4.2).cylib\BLE_v3_65\Library\gccCyBLEStack_BLE_SOC_PERIPHERAL.a(CyBleControllerIP_Interface.o)
 .debug_frame   0x00002768       0x3c \\italia.texa.org\hq\homeUsers\mzennaro\PSoC Creator\4.2\Downloads ( 4.2).cylib\BLE_v3_65\Library\gccCyBLEStack_BLE_SOC_PERIPHERAL.a(CyBleControllerIP_Interface.o)
 .debug_frame   0x000027a4       0x3c \\italia.texa.org\hq\homeUsers\mzennaro\PSoC Creator\4.2\Downloads ( 4.2).cylib\BLE_v3_65\Library\gccCyBLEStack_BLE_SOC_PERIPHERAL.a(CyBleControllerIP_Interface.o)
 .debug_frame   0x000027e0       0x3c \\italia.texa.org\hq\homeUsers\mzennaro\PSoC Creator\4.2\Downloads ( 4.2).cylib\BLE_v3_65\Library\gccCyBLEStack_BLE_SOC_PERIPHERAL.a(CyBleControllerIP_Interface.o)
 .debug_frame   0x0000281c       0x3c \\italia.texa.org\hq\homeUsers\mzennaro\PSoC Creator\4.2\Downloads ( 4.2).cylib\BLE_v3_65\Library\gccCyBLEStack_BLE_SOC_PERIPHERAL.a(CyBleControllerIP_Interface.o)
 .debug_frame   0x00002858       0x44 \\italia.texa.org\hq\homeUsers\mzennaro\PSoC Creator\4.2\Downloads ( 4.2).cylib\BLE_v3_65\Library\gccCyBLEStack_BLE_SOC_PERIPHERAL.a(CyBleControllerIP_Interface.o)
 .debug_frame   0x0000289c       0x44 \\italia.texa.org\hq\homeUsers\mzennaro\PSoC Creator\4.2\Downloads ( 4.2).cylib\BLE_v3_65\Library\gccCyBLEStack_BLE_SOC_PERIPHERAL.a(CyBleControllerIP_Interface.o)
 .debug_frame   0x000028e0       0x44 \\italia.texa.org\hq\homeUsers\mzennaro\PSoC Creator\4.2\Downloads ( 4.2).cylib\BLE_v3_65\Library\gccCyBLEStack_BLE_SOC_PERIPHERAL.a(CyBleControllerIP_Interface.o)
 .debug_frame   0x00002924       0x4c \\italia.texa.org\hq\homeUsers\mzennaro\PSoC Creator\4.2\Downloads ( 4.2).cylib\BLE_v3_65\Library\gccCyBLEStack_BLE_SOC_PERIPHERAL.a(ll.o)
 .debug_frame   0x00002970       0x50 \\italia.texa.org\hq\homeUsers\mzennaro\PSoC Creator\4.2\Downloads ( 4.2).cylib\BLE_v3_65\Library\gccCyBLEStack_BLE_SOC_PERIPHERAL.a(ll.o)
 .debug_frame   0x000029c0       0x44 \\italia.texa.org\hq\homeUsers\mzennaro\PSoC Creator\4.2\Downloads ( 4.2).cylib\BLE_v3_65\Library\gccCyBLEStack_BLE_SOC_PERIPHERAL.a(ll.o)
 .debug_frame   0x00002a04       0x44 \\italia.texa.org\hq\homeUsers\mzennaro\PSoC Creator\4.2\Downloads ( 4.2).cylib\BLE_v3_65\Library\gccCyBLEStack_BLE_SOC_PERIPHERAL.a(ll.o)
 .debug_frame   0x00002a48       0x44 \\italia.texa.org\hq\homeUsers\mzennaro\PSoC Creator\4.2\Downloads ( 4.2).cylib\BLE_v3_65\Library\gccCyBLEStack_BLE_SOC_PERIPHERAL.a(ll.o)
 .debug_frame   0x00002a8c       0x44 \\italia.texa.org\hq\homeUsers\mzennaro\PSoC Creator\4.2\Downloads ( 4.2).cylib\BLE_v3_65\Library\gccCyBLEStack_BLE_SOC_PERIPHERAL.a(ll.o)
 .debug_frame   0x00002ad0       0x3c \\italia.texa.org\hq\homeUsers\mzennaro\PSoC Creator\4.2\Downloads ( 4.2).cylib\BLE_v3_65\Library\gccCyBLEStack_BLE_SOC_PERIPHERAL.a(ll.o)
 .debug_frame   0x00002b0c       0x44 \\italia.texa.org\hq\homeUsers\mzennaro\PSoC Creator\4.2\Downloads ( 4.2).cylib\BLE_v3_65\Library\gccCyBLEStack_BLE_SOC_PERIPHERAL.a(ll.o)
 .debug_frame   0x00002b50       0x3c \\italia.texa.org\hq\homeUsers\mzennaro\PSoC Creator\4.2\Downloads ( 4.2).cylib\BLE_v3_65\Library\gccCyBLEStack_BLE_SOC_PERIPHERAL.a(ll.o)
 .debug_frame   0x00002b8c       0x44 \\italia.texa.org\hq\homeUsers\mzennaro\PSoC Creator\4.2\Downloads ( 4.2).cylib\BLE_v3_65\Library\gccCyBLEStack_BLE_SOC_PERIPHERAL.a(ll.o)
 .debug_frame   0x00002bd0       0x44 \\italia.texa.org\hq\homeUsers\mzennaro\PSoC Creator\4.2\Downloads ( 4.2).cylib\BLE_v3_65\Library\gccCyBLEStack_BLE_SOC_PERIPHERAL.a(ll.o)
 .debug_frame   0x00002c14       0x44 \\italia.texa.org\hq\homeUsers\mzennaro\PSoC Creator\4.2\Downloads ( 4.2).cylib\BLE_v3_65\Library\gccCyBLEStack_BLE_SOC_PERIPHERAL.a(ll.o)
 .debug_frame   0x00002c58       0x44 \\italia.texa.org\hq\homeUsers\mzennaro\PSoC Creator\4.2\Downloads ( 4.2).cylib\BLE_v3_65\Library\gccCyBLEStack_BLE_SOC_PERIPHERAL.a(ll.o)
 .debug_frame   0x00002c9c       0x44 \\italia.texa.org\hq\homeUsers\mzennaro\PSoC Creator\4.2\Downloads ( 4.2).cylib\BLE_v3_65\Library\gccCyBLEStack_BLE_SOC_PERIPHERAL.a(ll.o)
 .debug_frame   0x00002ce0       0x44 \\italia.texa.org\hq\homeUsers\mzennaro\PSoC Creator\4.2\Downloads ( 4.2).cylib\BLE_v3_65\Library\gccCyBLEStack_BLE_SOC_PERIPHERAL.a(ll.o)
 .debug_frame   0x00002d24       0x3c \\italia.texa.org\hq\homeUsers\mzennaro\PSoC Creator\4.2\Downloads ( 4.2).cylib\BLE_v3_65\Library\gccCyBLEStack_BLE_SOC_PERIPHERAL.a(ll.o)
 .debug_frame   0x00002d60       0x48 \\italia.texa.org\hq\homeUsers\mzennaro\PSoC Creator\4.2\Downloads ( 4.2).cylib\BLE_v3_65\Library\gccCyBLEStack_BLE_SOC_PERIPHERAL.a(ll.o)
 .debug_frame   0x00002da8       0x48 \\italia.texa.org\hq\homeUsers\mzennaro\PSoC Creator\4.2\Downloads ( 4.2).cylib\BLE_v3_65\Library\gccCyBLEStack_BLE_SOC_PERIPHERAL.a(ll.o)
 .debug_frame   0x00002df0       0x44 \\italia.texa.org\hq\homeUsers\mzennaro\PSoC Creator\4.2\Downloads ( 4.2).cylib\BLE_v3_65\Library\gccCyBLEStack_BLE_SOC_PERIPHERAL.a(ll.o)
 .debug_frame   0x00002e34       0x44 \\italia.texa.org\hq\homeUsers\mzennaro\PSoC Creator\4.2\Downloads ( 4.2).cylib\BLE_v3_65\Library\gccCyBLEStack_BLE_SOC_PERIPHERAL.a(ll.o)
 .debug_frame   0x00002e78       0x4c \\italia.texa.org\hq\homeUsers\mzennaro\PSoC Creator\4.2\Downloads ( 4.2).cylib\BLE_v3_65\Library\gccCyBLEStack_BLE_SOC_PERIPHERAL.a(ll.o)
 .debug_frame   0x00002ec4       0x4c \\italia.texa.org\hq\homeUsers\mzennaro\PSoC Creator\4.2\Downloads ( 4.2).cylib\BLE_v3_65\Library\gccCyBLEStack_BLE_SOC_PERIPHERAL.a(ll.o)
 .debug_frame   0x00002f10       0x48 \\italia.texa.org\hq\homeUsers\mzennaro\PSoC Creator\4.2\Downloads ( 4.2).cylib\BLE_v3_65\Library\gccCyBLEStack_BLE_SOC_PERIPHERAL.a(ll.o)
 .debug_frame   0x00002f58       0x54 \\italia.texa.org\hq\homeUsers\mzennaro\PSoC Creator\4.2\Downloads ( 4.2).cylib\BLE_v3_65\Library\gccCyBLEStack_BLE_SOC_PERIPHERAL.a(ll.o)
 .debug_frame   0x00002fac       0x3c \\italia.texa.org\hq\homeUsers\mzennaro\PSoC Creator\4.2\Downloads ( 4.2).cylib\BLE_v3_65\Library\gccCyBLEStack_BLE_SOC_PERIPHERAL.a(ll.o)
 .debug_frame   0x00002fe8       0x44 \\italia.texa.org\hq\homeUsers\mzennaro\PSoC Creator\4.2\Downloads ( 4.2).cylib\BLE_v3_65\Library\gccCyBLEStack_BLE_SOC_PERIPHERAL.a(ll.o)
 .debug_frame   0x0000302c       0x4c \\italia.texa.org\hq\homeUsers\mzennaro\PSoC Creator\4.2\Downloads ( 4.2).cylib\BLE_v3_65\Library\gccCyBLEStack_BLE_SOC_PERIPHERAL.a(ll.o)
 .debug_frame   0x00003078       0x4c \\italia.texa.org\hq\homeUsers\mzennaro\PSoC Creator\4.2\Downloads ( 4.2).cylib\BLE_v3_65\Library\gccCyBLEStack_BLE_SOC_PERIPHERAL.a(ll.o)
 .debug_frame   0x000030c4       0x3c \\italia.texa.org\hq\homeUsers\mzennaro\PSoC Creator\4.2\Downloads ( 4.2).cylib\BLE_v3_65\Library\gccCyBLEStack_BLE_SOC_PERIPHERAL.a(ll.o)
 .debug_frame   0x00003100       0x4c \\italia.texa.org\hq\homeUsers\mzennaro\PSoC Creator\4.2\Downloads ( 4.2).cylib\BLE_v3_65\Library\gccCyBLEStack_BLE_SOC_PERIPHERAL.a(ll.o)
 .debug_frame   0x0000314c       0x48 \\italia.texa.org\hq\homeUsers\mzennaro\PSoC Creator\4.2\Downloads ( 4.2).cylib\BLE_v3_65\Library\gccCyBLEStack_BLE_SOC_PERIPHERAL.a(ll.o)
 .debug_frame   0x00003194       0x44 \\italia.texa.org\hq\homeUsers\mzennaro\PSoC Creator\4.2\Downloads ( 4.2).cylib\BLE_v3_65\Library\gccCyBLEStack_BLE_SOC_PERIPHERAL.a(ll.o)
 .debug_frame   0x000031d8       0x4c \\italia.texa.org\hq\homeUsers\mzennaro\PSoC Creator\4.2\Downloads ( 4.2).cylib\BLE_v3_65\Library\gccCyBLEStack_BLE_SOC_PERIPHERAL.a(ll.o)
 .debug_frame   0x00003224       0x4c \\italia.texa.org\hq\homeUsers\mzennaro\PSoC Creator\4.2\Downloads ( 4.2).cylib\BLE_v3_65\Library\gccCyBLEStack_BLE_SOC_PERIPHERAL.a(ll.o)
 .debug_frame   0x00003270       0x44 \\italia.texa.org\hq\homeUsers\mzennaro\PSoC Creator\4.2\Downloads ( 4.2).cylib\BLE_v3_65\Library\gccCyBLEStack_BLE_SOC_PERIPHERAL.a(ll.o)
 .debug_frame   0x000032b4       0x44 \\italia.texa.org\hq\homeUsers\mzennaro\PSoC Creator\4.2\Downloads ( 4.2).cylib\BLE_v3_65\Library\gccCyBLEStack_BLE_SOC_PERIPHERAL.a(ll.o)
 .debug_frame   0x000032f8       0x4c \\italia.texa.org\hq\homeUsers\mzennaro\PSoC Creator\4.2\Downloads ( 4.2).cylib\BLE_v3_65\Library\gccCyBLEStack_BLE_SOC_PERIPHERAL.a(ll.o)
 .debug_frame   0x00003344       0x4c \\italia.texa.org\hq\homeUsers\mzennaro\PSoC Creator\4.2\Downloads ( 4.2).cylib\BLE_v3_65\Library\gccCyBLEStack_BLE_SOC_PERIPHERAL.a(ll.o)
 .debug_frame   0x00003390       0x48 \\italia.texa.org\hq\homeUsers\mzennaro\PSoC Creator\4.2\Downloads ( 4.2).cylib\BLE_v3_65\Library\gccCyBLEStack_BLE_SOC_PERIPHERAL.a(ll.o)
 .debug_frame   0x000033d8       0x48 \\italia.texa.org\hq\homeUsers\mzennaro\PSoC Creator\4.2\Downloads ( 4.2).cylib\BLE_v3_65\Library\gccCyBLEStack_BLE_SOC_PERIPHERAL.a(ll.o)
 .debug_frame   0x00003420       0x4c \\italia.texa.org\hq\homeUsers\mzennaro\PSoC Creator\4.2\Downloads ( 4.2).cylib\BLE_v3_65\Library\gccCyBLEStack_BLE_SOC_PERIPHERAL.a(ll.o)
 .debug_frame   0x0000346c       0x48 \\italia.texa.org\hq\homeUsers\mzennaro\PSoC Creator\4.2\Downloads ( 4.2).cylib\BLE_v3_65\Library\gccCyBLEStack_BLE_SOC_PERIPHERAL.a(ll.o)
 .debug_frame   0x000034b4       0x44 \\italia.texa.org\hq\homeUsers\mzennaro\PSoC Creator\4.2\Downloads ( 4.2).cylib\BLE_v3_65\Library\gccCyBLEStack_BLE_SOC_PERIPHERAL.a(ll.o)
 .debug_frame   0x000034f8       0x48 \\italia.texa.org\hq\homeUsers\mzennaro\PSoC Creator\4.2\Downloads ( 4.2).cylib\BLE_v3_65\Library\gccCyBLEStack_BLE_SOC_PERIPHERAL.a(ll.o)
 .debug_frame   0x00003540       0x44 \\italia.texa.org\hq\homeUsers\mzennaro\PSoC Creator\4.2\Downloads ( 4.2).cylib\BLE_v3_65\Library\gccCyBLEStack_BLE_SOC_PERIPHERAL.a(ll.o)
 .debug_frame   0x00003584       0x4c \\italia.texa.org\hq\homeUsers\mzennaro\PSoC Creator\4.2\Downloads ( 4.2).cylib\BLE_v3_65\Library\gccCyBLEStack_BLE_SOC_PERIPHERAL.a(ll.o)
 .debug_frame   0x000035d0       0x44 \\italia.texa.org\hq\homeUsers\mzennaro\PSoC Creator\4.2\Downloads ( 4.2).cylib\BLE_v3_65\Library\gccCyBLEStack_BLE_SOC_PERIPHERAL.a(ll.o)
 .debug_frame   0x00003614       0x3c \\italia.texa.org\hq\homeUsers\mzennaro\PSoC Creator\4.2\Downloads ( 4.2).cylib\BLE_v3_65\Library\gccCyBLEStack_BLE_SOC_PERIPHERAL.a(ll_advertiser.o)
 .debug_frame   0x00003650       0x48 \\italia.texa.org\hq\homeUsers\mzennaro\PSoC Creator\4.2\Downloads ( 4.2).cylib\BLE_v3_65\Library\gccCyBLEStack_BLE_SOC_PERIPHERAL.a(ll_advertiser.o)
 .debug_frame   0x00003698       0x48 \\italia.texa.org\hq\homeUsers\mzennaro\PSoC Creator\4.2\Downloads ( 4.2).cylib\BLE_v3_65\Library\gccCyBLEStack_BLE_SOC_PERIPHERAL.a(ll_advertiser.o)
 .debug_frame   0x000036e0       0x3c \\italia.texa.org\hq\homeUsers\mzennaro\PSoC Creator\4.2\Downloads ( 4.2).cylib\BLE_v3_65\Library\gccCyBLEStack_BLE_SOC_PERIPHERAL.a(ll_advertiser.o)
 .debug_frame   0x0000371c       0x48 \\italia.texa.org\hq\homeUsers\mzennaro\PSoC Creator\4.2\Downloads ( 4.2).cylib\BLE_v3_65\Library\gccCyBLEStack_BLE_SOC_PERIPHERAL.a(ll_advertiser.o)
 .debug_frame   0x00003764       0x4c \\italia.texa.org\hq\homeUsers\mzennaro\PSoC Creator\4.2\Downloads ( 4.2).cylib\BLE_v3_65\Library\gccCyBLEStack_BLE_SOC_PERIPHERAL.a(ll_advertiser.o)
 .debug_frame   0x000037b0       0x4c \\italia.texa.org\hq\homeUsers\mzennaro\PSoC Creator\4.2\Downloads ( 4.2).cylib\BLE_v3_65\Library\gccCyBLEStack_BLE_SOC_PERIPHERAL.a(ll_advertiser.o)
 .debug_frame   0x000037fc       0x3c \\italia.texa.org\hq\homeUsers\mzennaro\PSoC Creator\4.2\Downloads ( 4.2).cylib\BLE_v3_65\Library\gccCyBLEStack_BLE_SOC_PERIPHERAL.a(ll_advertiser.o)
 .debug_frame   0x00003838       0x3c \\italia.texa.org\hq\homeUsers\mzennaro\PSoC Creator\4.2\Downloads ( 4.2).cylib\BLE_v3_65\Library\gccCyBLEStack_BLE_SOC_PERIPHERAL.a(ll_advertiser.o)
 .debug_frame   0x00003874       0x44 \\italia.texa.org\hq\homeUsers\mzennaro\PSoC Creator\4.2\Downloads ( 4.2).cylib\BLE_v3_65\Library\gccCyBLEStack_BLE_SOC_PERIPHERAL.a(ll_advertiser.o)
 .debug_frame   0x000038b8       0x44 \\italia.texa.org\hq\homeUsers\mzennaro\PSoC Creator\4.2\Downloads ( 4.2).cylib\BLE_v3_65\Library\gccCyBLEStack_BLE_SOC_PERIPHERAL.a(ll_advertiser.o)
 .debug_frame   0x000038fc       0x44 \\italia.texa.org\hq\homeUsers\mzennaro\PSoC Creator\4.2\Downloads ( 4.2).cylib\BLE_v3_65\Library\gccCyBLEStack_BLE_SOC_PERIPHERAL.a(ll_advertiser.o)
 .debug_frame   0x00003940       0x48 \\italia.texa.org\hq\homeUsers\mzennaro\PSoC Creator\4.2\Downloads ( 4.2).cylib\BLE_v3_65\Library\gccCyBLEStack_BLE_SOC_PERIPHERAL.a(ll_advertiser.o)
 .debug_frame   0x00003988       0x44 \\italia.texa.org\hq\homeUsers\mzennaro\PSoC Creator\4.2\Downloads ( 4.2).cylib\BLE_v3_65\Library\gccCyBLEStack_BLE_SOC_PERIPHERAL.a(ll_advertiser.o)
 .debug_frame   0x000039cc       0x44 \\italia.texa.org\hq\homeUsers\mzennaro\PSoC Creator\4.2\Downloads ( 4.2).cylib\BLE_v3_65\Library\gccCyBLEStack_BLE_SOC_PERIPHERAL.a(ll_advertiser.o)
 .debug_frame   0x00003a10       0x3c \\italia.texa.org\hq\homeUsers\mzennaro\PSoC Creator\4.2\Downloads ( 4.2).cylib\BLE_v3_65\Library\gccCyBLEStack_BLE_SOC_PERIPHERAL.a(ll_advertiser.o)
 .debug_frame   0x00003a4c       0x44 \\italia.texa.org\hq\homeUsers\mzennaro\PSoC Creator\4.2\Downloads ( 4.2).cylib\BLE_v3_65\Library\gccCyBLEStack_BLE_SOC_PERIPHERAL.a(ll_advertiser.o)
 .debug_frame   0x00003a90       0x3c \\italia.texa.org\hq\homeUsers\mzennaro\PSoC Creator\4.2\Downloads ( 4.2).cylib\BLE_v3_65\Library\gccCyBLEStack_BLE_SOC_PERIPHERAL.a(ll_advertiser.o)
 .debug_frame   0x00003acc       0x3c \\italia.texa.org\hq\homeUsers\mzennaro\PSoC Creator\4.2\Downloads ( 4.2).cylib\BLE_v3_65\Library\gccCyBLEStack_BLE_SOC_PERIPHERAL.a(ll_connection.o)
 .debug_frame   0x00003b08       0x3c \\italia.texa.org\hq\homeUsers\mzennaro\PSoC Creator\4.2\Downloads ( 4.2).cylib\BLE_v3_65\Library\gccCyBLEStack_BLE_SOC_PERIPHERAL.a(ll_connection.o)
 .debug_frame   0x00003b44       0x3c \\italia.texa.org\hq\homeUsers\mzennaro\PSoC Creator\4.2\Downloads ( 4.2).cylib\BLE_v3_65\Library\gccCyBLEStack_BLE_SOC_PERIPHERAL.a(ll_connection.o)
 .debug_frame   0x00003b80       0x3c \\italia.texa.org\hq\homeUsers\mzennaro\PSoC Creator\4.2\Downloads ( 4.2).cylib\BLE_v3_65\Library\gccCyBLEStack_BLE_SOC_PERIPHERAL.a(ll_connection.o)
 .debug_frame   0x00003bbc       0x3c \\italia.texa.org\hq\homeUsers\mzennaro\PSoC Creator\4.2\Downloads ( 4.2).cylib\BLE_v3_65\Library\gccCyBLEStack_BLE_SOC_PERIPHERAL.a(ll_connection.o)
 .debug_frame   0x00003bf8       0x54 \\italia.texa.org\hq\homeUsers\mzennaro\PSoC Creator\4.2\Downloads ( 4.2).cylib\BLE_v3_65\Library\gccCyBLEStack_BLE_SOC_PERIPHERAL.a(ll_connection.o)
 .debug_frame   0x00003c4c       0x3c \\italia.texa.org\hq\homeUsers\mzennaro\PSoC Creator\4.2\Downloads ( 4.2).cylib\BLE_v3_65\Library\gccCyBLEStack_BLE_SOC_PERIPHERAL.a(ll_connection.o)
 .debug_frame   0x00003c88       0x4c \\italia.texa.org\hq\homeUsers\mzennaro\PSoC Creator\4.2\Downloads ( 4.2).cylib\BLE_v3_65\Library\gccCyBLEStack_BLE_SOC_PERIPHERAL.a(ll_connection.o)
 .debug_frame   0x00003cd4       0x44 \\italia.texa.org\hq\homeUsers\mzennaro\PSoC Creator\4.2\Downloads ( 4.2).cylib\BLE_v3_65\Library\gccCyBLEStack_BLE_SOC_PERIPHERAL.a(ll_connection.o)
 .debug_frame   0x00003d18       0x3c \\italia.texa.org\hq\homeUsers\mzennaro\PSoC Creator\4.2\Downloads ( 4.2).cylib\BLE_v3_65\Library\gccCyBLEStack_BLE_SOC_PERIPHERAL.a(ll_connection.o)
 .debug_frame   0x00003d54       0x44 \\italia.texa.org\hq\homeUsers\mzennaro\PSoC Creator\4.2\Downloads ( 4.2).cylib\BLE_v3_65\Library\gccCyBLEStack_BLE_SOC_PERIPHERAL.a(ll_connection.o)
 .debug_frame   0x00003d98       0x3c \\italia.texa.org\hq\homeUsers\mzennaro\PSoC Creator\4.2\Downloads ( 4.2).cylib\BLE_v3_65\Library\gccCyBLEStack_BLE_SOC_PERIPHERAL.a(ll_connection.o)
 .debug_frame   0x00003dd4       0x48 \\italia.texa.org\hq\homeUsers\mzennaro\PSoC Creator\4.2\Downloads ( 4.2).cylib\BLE_v3_65\Library\gccCyBLEStack_BLE_SOC_PERIPHERAL.a(ll_connection.o)
 .debug_frame   0x00003e1c       0x3c \\italia.texa.org\hq\homeUsers\mzennaro\PSoC Creator\4.2\Downloads ( 4.2).cylib\BLE_v3_65\Library\gccCyBLEStack_BLE_SOC_PERIPHERAL.a(ll_connection.o)
 .debug_frame   0x00003e58       0x3c \\italia.texa.org\hq\homeUsers\mzennaro\PSoC Creator\4.2\Downloads ( 4.2).cylib\BLE_v3_65\Library\gccCyBLEStack_BLE_SOC_PERIPHERAL.a(ll_connection.o)
 .debug_frame   0x00003e94       0x44 \\italia.texa.org\hq\homeUsers\mzennaro\PSoC Creator\4.2\Downloads ( 4.2).cylib\BLE_v3_65\Library\gccCyBLEStack_BLE_SOC_PERIPHERAL.a(ll_connection.o)
 .debug_frame   0x00003ed8       0x44 \\italia.texa.org\hq\homeUsers\mzennaro\PSoC Creator\4.2\Downloads ( 4.2).cylib\BLE_v3_65\Library\gccCyBLEStack_BLE_SOC_PERIPHERAL.a(ll_connection.o)
 .debug_frame   0x00003f1c       0x44 \\italia.texa.org\hq\homeUsers\mzennaro\PSoC Creator\4.2\Downloads ( 4.2).cylib\BLE_v3_65\Library\gccCyBLEStack_BLE_SOC_PERIPHERAL.a(ll_connection.o)
 .debug_frame   0x00003f60       0x4c \\italia.texa.org\hq\homeUsers\mzennaro\PSoC Creator\4.2\Downloads ( 4.2).cylib\BLE_v3_65\Library\gccCyBLEStack_BLE_SOC_PERIPHERAL.a(ll_connection.o)
 .debug_frame   0x00003fac       0x44 \\italia.texa.org\hq\homeUsers\mzennaro\PSoC Creator\4.2\Downloads ( 4.2).cylib\BLE_v3_65\Library\gccCyBLEStack_BLE_SOC_PERIPHERAL.a(ll_connection.o)
 .debug_frame   0x00003ff0       0x44 \\italia.texa.org\hq\homeUsers\mzennaro\PSoC Creator\4.2\Downloads ( 4.2).cylib\BLE_v3_65\Library\gccCyBLEStack_BLE_SOC_PERIPHERAL.a(ll_connection.o)
 .debug_frame   0x00004034       0x44 \\italia.texa.org\hq\homeUsers\mzennaro\PSoC Creator\4.2\Downloads ( 4.2).cylib\BLE_v3_65\Library\gccCyBLEStack_BLE_SOC_PERIPHERAL.a(ll_connection.o)
 .debug_frame   0x00004078       0x48 \\italia.texa.org\hq\homeUsers\mzennaro\PSoC Creator\4.2\Downloads ( 4.2).cylib\BLE_v3_65\Library\gccCyBLEStack_BLE_SOC_PERIPHERAL.a(ll_connection.o)
 .debug_frame   0x000040c0       0x48 \\italia.texa.org\hq\homeUsers\mzennaro\PSoC Creator\4.2\Downloads ( 4.2).cylib\BLE_v3_65\Library\gccCyBLEStack_BLE_SOC_PERIPHERAL.a(ll_connection.o)
 .debug_frame   0x00004108       0x4c \\italia.texa.org\hq\homeUsers\mzennaro\PSoC Creator\4.2\Downloads ( 4.2).cylib\BLE_v3_65\Library\gccCyBLEStack_BLE_SOC_PERIPHERAL.a(ll_connection.o)
 .debug_frame   0x00004154       0x3c \\italia.texa.org\hq\homeUsers\mzennaro\PSoC Creator\4.2\Downloads ( 4.2).cylib\BLE_v3_65\Library\gccCyBLEStack_BLE_SOC_PERIPHERAL.a(ll_connection.o)
 .debug_frame   0x00004190       0x44 \\italia.texa.org\hq\homeUsers\mzennaro\PSoC Creator\4.2\Downloads ( 4.2).cylib\BLE_v3_65\Library\gccCyBLEStack_BLE_SOC_PERIPHERAL.a(ll_connection.o)
 .debug_frame   0x000041d4       0x48 \\italia.texa.org\hq\homeUsers\mzennaro\PSoC Creator\4.2\Downloads ( 4.2).cylib\BLE_v3_65\Library\gccCyBLEStack_BLE_SOC_PERIPHERAL.a(ll_connection.o)
 .debug_frame   0x0000421c       0x48 \\italia.texa.org\hq\homeUsers\mzennaro\PSoC Creator\4.2\Downloads ( 4.2).cylib\BLE_v3_65\Library\gccCyBLEStack_BLE_SOC_PERIPHERAL.a(ll_connection.o)
 .debug_frame   0x00004264       0x44 \\italia.texa.org\hq\homeUsers\mzennaro\PSoC Creator\4.2\Downloads ( 4.2).cylib\BLE_v3_65\Library\gccCyBLEStack_BLE_SOC_PERIPHERAL.a(ll_connection.o)
 .debug_frame   0x000042a8       0x44 \\italia.texa.org\hq\homeUsers\mzennaro\PSoC Creator\4.2\Downloads ( 4.2).cylib\BLE_v3_65\Library\gccCyBLEStack_BLE_SOC_PERIPHERAL.a(ll_connection.o)
 .debug_frame   0x000042ec       0x44 \\italia.texa.org\hq\homeUsers\mzennaro\PSoC Creator\4.2\Downloads ( 4.2).cylib\BLE_v3_65\Library\gccCyBLEStack_BLE_SOC_PERIPHERAL.a(ll_connection.o)
 .debug_frame   0x00004330       0x4c \\italia.texa.org\hq\homeUsers\mzennaro\PSoC Creator\4.2\Downloads ( 4.2).cylib\BLE_v3_65\Library\gccCyBLEStack_BLE_SOC_PERIPHERAL.a(ll_connection.o)
 .debug_frame   0x0000437c       0x44 \\italia.texa.org\hq\homeUsers\mzennaro\PSoC Creator\4.2\Downloads ( 4.2).cylib\BLE_v3_65\Library\gccCyBLEStack_BLE_SOC_PERIPHERAL.a(ll_connection.o)
 .debug_frame   0x000043c0       0x44 \\italia.texa.org\hq\homeUsers\mzennaro\PSoC Creator\4.2\Downloads ( 4.2).cylib\BLE_v3_65\Library\gccCyBLEStack_BLE_SOC_PERIPHERAL.a(ll_connection.o)
 .debug_frame   0x00004404       0x48 \\italia.texa.org\hq\homeUsers\mzennaro\PSoC Creator\4.2\Downloads ( 4.2).cylib\BLE_v3_65\Library\gccCyBLEStack_BLE_SOC_PERIPHERAL.a(ll_connection.o)
 .debug_frame   0x0000444c       0x44 \\italia.texa.org\hq\homeUsers\mzennaro\PSoC Creator\4.2\Downloads ( 4.2).cylib\BLE_v3_65\Library\gccCyBLEStack_BLE_SOC_PERIPHERAL.a(ll_connection.o)
 .debug_frame   0x00004490       0x4c \\italia.texa.org\hq\homeUsers\mzennaro\PSoC Creator\4.2\Downloads ( 4.2).cylib\BLE_v3_65\Library\gccCyBLEStack_BLE_SOC_PERIPHERAL.a(ll_connection.o)
 .debug_frame   0x000044dc       0x44 \\italia.texa.org\hq\homeUsers\mzennaro\PSoC Creator\4.2\Downloads ( 4.2).cylib\BLE_v3_65\Library\gccCyBLEStack_BLE_SOC_PERIPHERAL.a(ll_connection.o)
 .debug_frame   0x00004520       0x4c \\italia.texa.org\hq\homeUsers\mzennaro\PSoC Creator\4.2\Downloads ( 4.2).cylib\BLE_v3_65\Library\gccCyBLEStack_BLE_SOC_PERIPHERAL.a(ll_connection.o)
 .debug_frame   0x0000456c       0x44 \\italia.texa.org\hq\homeUsers\mzennaro\PSoC Creator\4.2\Downloads ( 4.2).cylib\BLE_v3_65\Library\gccCyBLEStack_BLE_SOC_PERIPHERAL.a(ll_connection.o)
 .debug_frame   0x000045b0       0x3c \\italia.texa.org\hq\homeUsers\mzennaro\PSoC Creator\4.2\Downloads ( 4.2).cylib\BLE_v3_65\Library\gccCyBLEStack_BLE_SOC_PERIPHERAL.a(ll_connection.o)
 .debug_frame   0x000045ec       0x48 \\italia.texa.org\hq\homeUsers\mzennaro\PSoC Creator\4.2\Downloads ( 4.2).cylib\BLE_v3_65\Library\gccCyBLEStack_BLE_SOC_PERIPHERAL.a(ll_connection.o)
 .debug_frame   0x00004634       0x44 \\italia.texa.org\hq\homeUsers\mzennaro\PSoC Creator\4.2\Downloads ( 4.2).cylib\BLE_v3_65\Library\gccCyBLEStack_BLE_SOC_PERIPHERAL.a(ll_connection.o)
 .debug_frame   0x00004678       0x4c \\italia.texa.org\hq\homeUsers\mzennaro\PSoC Creator\4.2\Downloads ( 4.2).cylib\BLE_v3_65\Library\gccCyBLEStack_BLE_SOC_PERIPHERAL.a(ll_connection.o)
 .debug_frame   0x000046c4       0x3c \\italia.texa.org\hq\homeUsers\mzennaro\PSoC Creator\4.2\Downloads ( 4.2).cylib\BLE_v3_65\Library\gccCyBLEStack_BLE_SOC_PERIPHERAL.a(ll_connection.o)
 .debug_frame   0x00004700       0x44 \\italia.texa.org\hq\homeUsers\mzennaro\PSoC Creator\4.2\Downloads ( 4.2).cylib\BLE_v3_65\Library\gccCyBLEStack_BLE_SOC_PERIPHERAL.a(ll_connection.o)
 .debug_frame   0x00004744       0x3c \\italia.texa.org\hq\homeUsers\mzennaro\PSoC Creator\4.2\Downloads ( 4.2).cylib\BLE_v3_65\Library\gccCyBLEStack_BLE_SOC_PERIPHERAL.a(ll_connection.o)
 .debug_frame   0x00004780       0x54 \\italia.texa.org\hq\homeUsers\mzennaro\PSoC Creator\4.2\Downloads ( 4.2).cylib\BLE_v3_65\Library\gccCyBLEStack_BLE_SOC_PERIPHERAL.a(ll_connection.o)
 .debug_frame   0x000047d4       0x44 \\italia.texa.org\hq\homeUsers\mzennaro\PSoC Creator\4.2\Downloads ( 4.2).cylib\BLE_v3_65\Library\gccCyBLEStack_BLE_SOC_PERIPHERAL.a(ll_connection.o)
 .debug_frame   0x00004818       0x3c \\italia.texa.org\hq\homeUsers\mzennaro\PSoC Creator\4.2\Downloads ( 4.2).cylib\BLE_v3_65\Library\gccCyBLEStack_BLE_SOC_PERIPHERAL.a(ll_connection.o)
 .debug_frame   0x00004854       0x54 \\italia.texa.org\hq\homeUsers\mzennaro\PSoC Creator\4.2\Downloads ( 4.2).cylib\BLE_v3_65\Library\gccCyBLEStack_BLE_SOC_PERIPHERAL.a(ll_connection.o)
 .debug_frame   0x000048a8       0x3c \\italia.texa.org\hq\homeUsers\mzennaro\PSoC Creator\4.2\Downloads ( 4.2).cylib\BLE_v3_65\Library\gccCyBLEStack_BLE_SOC_PERIPHERAL.a(ll_connection.o)
 .debug_frame   0x000048e4       0x3c \\italia.texa.org\hq\homeUsers\mzennaro\PSoC Creator\4.2\Downloads ( 4.2).cylib\BLE_v3_65\Library\gccCyBLEStack_BLE_SOC_PERIPHERAL.a(ll_connection.o)
 .debug_frame   0x00004920       0x3c \\italia.texa.org\hq\homeUsers\mzennaro\PSoC Creator\4.2\Downloads ( 4.2).cylib\BLE_v3_65\Library\gccCyBLEStack_BLE_SOC_PERIPHERAL.a(ll_connection.o)
 .debug_frame   0x0000495c       0x50 \\italia.texa.org\hq\homeUsers\mzennaro\PSoC Creator\4.2\Downloads ( 4.2).cylib\BLE_v3_65\Library\gccCyBLEStack_BLE_SOC_PERIPHERAL.a(ll_connection.o)
 .debug_frame   0x000049ac       0x44 \\italia.texa.org\hq\homeUsers\mzennaro\PSoC Creator\4.2\Downloads ( 4.2).cylib\BLE_v3_65\Library\gccCyBLEStack_BLE_SOC_PERIPHERAL.a(ll_connection.o)
 .debug_frame   0x000049f0       0x54 \\italia.texa.org\hq\homeUsers\mzennaro\PSoC Creator\4.2\Downloads ( 4.2).cylib\BLE_v3_65\Library\gccCyBLEStack_BLE_SOC_PERIPHERAL.a(ll_connection.o)
 .debug_frame   0x00004a44       0x54 \\italia.texa.org\hq\homeUsers\mzennaro\PSoC Creator\4.2\Downloads ( 4.2).cylib\BLE_v3_65\Library\gccCyBLEStack_BLE_SOC_PERIPHERAL.a(ll_connection.o)
 .debug_frame   0x00004a98       0x4c \\italia.texa.org\hq\homeUsers\mzennaro\PSoC Creator\4.2\Downloads ( 4.2).cylib\BLE_v3_65\Library\gccCyBLEStack_BLE_SOC_PERIPHERAL.a(ll_connection.o)
 .debug_frame   0x00004ae4       0x44 \\italia.texa.org\hq\homeUsers\mzennaro\PSoC Creator\4.2\Downloads ( 4.2).cylib\BLE_v3_65\Library\gccCyBLEStack_BLE_SOC_PERIPHERAL.a(ll_connection.o)
 .debug_frame   0x00004b28       0x44 \\italia.texa.org\hq\homeUsers\mzennaro\PSoC Creator\4.2\Downloads ( 4.2).cylib\BLE_v3_65\Library\gccCyBLEStack_BLE_SOC_PERIPHERAL.a(ll_connection.o)
 .debug_frame   0x00004b6c       0x44 \\italia.texa.org\hq\homeUsers\mzennaro\PSoC Creator\4.2\Downloads ( 4.2).cylib\BLE_v3_65\Library\gccCyBLEStack_BLE_SOC_PERIPHERAL.a(ll_connection.o)
 .debug_frame   0x00004bb0       0x48 \\italia.texa.org\hq\homeUsers\mzennaro\PSoC Creator\4.2\Downloads ( 4.2).cylib\BLE_v3_65\Library\gccCyBLEStack_BLE_SOC_PERIPHERAL.a(ll_connection.o)
 .debug_frame   0x00004bf8       0x48 \\italia.texa.org\hq\homeUsers\mzennaro\PSoC Creator\4.2\Downloads ( 4.2).cylib\BLE_v3_65\Library\gccCyBLEStack_BLE_SOC_PERIPHERAL.a(ll_connection.o)
 .debug_frame   0x00004c40       0x44 \\italia.texa.org\hq\homeUsers\mzennaro\PSoC Creator\4.2\Downloads ( 4.2).cylib\BLE_v3_65\Library\gccCyBLEStack_BLE_SOC_PERIPHERAL.a(ll_connection.o)
 .debug_frame   0x00004c84       0x4c \\italia.texa.org\hq\homeUsers\mzennaro\PSoC Creator\4.2\Downloads ( 4.2).cylib\BLE_v3_65\Library\gccCyBLEStack_BLE_SOC_PERIPHERAL.a(ll_connection.o)
 .debug_frame   0x00004cd0       0x44 \\italia.texa.org\hq\homeUsers\mzennaro\PSoC Creator\4.2\Downloads ( 4.2).cylib\BLE_v3_65\Library\gccCyBLEStack_BLE_SOC_PERIPHERAL.a(ll_connection.o)
 .debug_frame   0x00004d14       0x44 \\italia.texa.org\hq\homeUsers\mzennaro\PSoC Creator\4.2\Downloads ( 4.2).cylib\BLE_v3_65\Library\gccCyBLEStack_BLE_SOC_PERIPHERAL.a(ll_connection.o)
 .debug_frame   0x00004d58       0x3c \\italia.texa.org\hq\homeUsers\mzennaro\PSoC Creator\4.2\Downloads ( 4.2).cylib\BLE_v3_65\Library\gccCyBLEStack_BLE_SOC_PERIPHERAL.a(ll_connection.o)
 .debug_frame   0x00004d94       0x3c \\italia.texa.org\hq\homeUsers\mzennaro\PSoC Creator\4.2\Downloads ( 4.2).cylib\BLE_v3_65\Library\gccCyBLEStack_BLE_SOC_PERIPHERAL.a(ll_connection.o)
 .debug_frame   0x00004dd0       0x3c \\italia.texa.org\hq\homeUsers\mzennaro\PSoC Creator\4.2\Downloads ( 4.2).cylib\BLE_v3_65\Library\gccCyBLEStack_BLE_SOC_PERIPHERAL.a(ll_connection.o)
 .debug_frame   0x00004e0c       0x3c \\italia.texa.org\hq\homeUsers\mzennaro\PSoC Creator\4.2\Downloads ( 4.2).cylib\BLE_v3_65\Library\gccCyBLEStack_BLE_SOC_PERIPHERAL.a(ll_connection.o)
 .debug_frame   0x00004e48       0x3c \\italia.texa.org\hq\homeUsers\mzennaro\PSoC Creator\4.2\Downloads ( 4.2).cylib\BLE_v3_65\Library\gccCyBLEStack_BLE_SOC_PERIPHERAL.a(ll_connection.o)
 .debug_frame   0x00004e84       0x4c \\italia.texa.org\hq\homeUsers\mzennaro\PSoC Creator\4.2\Downloads ( 4.2).cylib\BLE_v3_65\Library\gccCyBLEStack_BLE_SOC_PERIPHERAL.a(ll_connection.o)
 .debug_frame   0x00004ed0       0x44 \\italia.texa.org\hq\homeUsers\mzennaro\PSoC Creator\4.2\Downloads ( 4.2).cylib\BLE_v3_65\Library\gccCyBLEStack_BLE_SOC_PERIPHERAL.a(ll_connection.o)
 .debug_frame   0x00004f14       0x44 \\italia.texa.org\hq\homeUsers\mzennaro\PSoC Creator\4.2\Downloads ( 4.2).cylib\BLE_v3_65\Library\gccCyBLEStack_BLE_SOC_PERIPHERAL.a(ll_connection.o)
 .debug_frame   0x00004f58       0x4c \\italia.texa.org\hq\homeUsers\mzennaro\PSoC Creator\4.2\Downloads ( 4.2).cylib\BLE_v3_65\Library\gccCyBLEStack_BLE_SOC_PERIPHERAL.a(ll_connection.o)
 .debug_frame   0x00004fa4       0x48 \\italia.texa.org\hq\homeUsers\mzennaro\PSoC Creator\4.2\Downloads ( 4.2).cylib\BLE_v3_65\Library\gccCyBLEStack_BLE_SOC_PERIPHERAL.a(ll_connection.o)
 .debug_frame   0x00004fec       0x48 \\italia.texa.org\hq\homeUsers\mzennaro\PSoC Creator\4.2\Downloads ( 4.2).cylib\BLE_v3_65\Library\gccCyBLEStack_BLE_SOC_PERIPHERAL.a(ll_connection.o)
 .debug_frame   0x00005034       0x44 \\italia.texa.org\hq\homeUsers\mzennaro\PSoC Creator\4.2\Downloads ( 4.2).cylib\BLE_v3_65\Library\gccCyBLEStack_BLE_SOC_PERIPHERAL.a(ll_connection.o)
 .debug_frame   0x00005078       0x44 \\italia.texa.org\hq\homeUsers\mzennaro\PSoC Creator\4.2\Downloads ( 4.2).cylib\BLE_v3_65\Library\gccCyBLEStack_BLE_SOC_PERIPHERAL.a(ll_connection.o)
 .debug_frame   0x000050bc       0x54 \\italia.texa.org\hq\homeUsers\mzennaro\PSoC Creator\4.2\Downloads ( 4.2).cylib\BLE_v3_65\Library\gccCyBLEStack_BLE_SOC_PERIPHERAL.a(ll_connection.o)
 .debug_frame   0x00005110       0x44 \\italia.texa.org\hq\homeUsers\mzennaro\PSoC Creator\4.2\Downloads ( 4.2).cylib\BLE_v3_65\Library\gccCyBLEStack_BLE_SOC_PERIPHERAL.a(ll_connection.o)
 .debug_frame   0x00005154       0x54 \\italia.texa.org\hq\homeUsers\mzennaro\PSoC Creator\4.2\Downloads ( 4.2).cylib\BLE_v3_65\Library\gccCyBLEStack_BLE_SOC_PERIPHERAL.a(ll_connection.o)
 .debug_frame   0x000051a8       0x48 \\italia.texa.org\hq\homeUsers\mzennaro\PSoC Creator\4.2\Downloads ( 4.2).cylib\BLE_v3_65\Library\gccCyBLEStack_BLE_SOC_PERIPHERAL.a(ll_connection.o)
 .debug_frame   0x000051f0       0x48 \\italia.texa.org\hq\homeUsers\mzennaro\PSoC Creator\4.2\Downloads ( 4.2).cylib\BLE_v3_65\Library\gccCyBLEStack_BLE_SOC_PERIPHERAL.a(ll_connection.o)
 .debug_frame   0x00005238       0x48 \\italia.texa.org\hq\homeUsers\mzennaro\PSoC Creator\4.2\Downloads ( 4.2).cylib\BLE_v3_65\Library\gccCyBLEStack_BLE_SOC_PERIPHERAL.a(ll_connection.o)
 .debug_frame   0x00005280       0x44 \\italia.texa.org\hq\homeUsers\mzennaro\PSoC Creator\4.2\Downloads ( 4.2).cylib\BLE_v3_65\Library\gccCyBLEStack_BLE_SOC_PERIPHERAL.a(ll_connection.o)